main.c:91:15:_abgr_to_rgb565	4	static
main.c:19:6:byte_to_hex	2	static
main.c:29:6:ps2_event	2	static
main.c:38:6:serial_write	12	static
main.c:48:5:memory_size	2	static
main.c:53:6:memory_read	4	static
main.c:58:6:memory_write	4	static
main.c:99:6:gfx_rect	14	static
main.c:105:5:syscall_gfx_image_rgba	8	static
main.c:108:5:syscall_gfx_image_rgb	8	static
main.c:111:5:syscall_gfx_image_rgb565	8	static
main.c:114:5:syscall_gfx_image_grayscale	8	static
main.c:117:5:syscall_gfx_image_1bit	116	static
main.c:169:5:main	11	dynamic,bounded
