platform.c:84:15:_abgr_to_rgb565	2	static
serial/serial.c:26:6:serial_tx	2	static
spi/spi.c:19:6:spi_fast	2	static
spi/spi.c:40:8:spi_xchg_try	2	static
spi/spi.c:57:8:spi_tx_try	5	static
lcd/lcd.c:231:20:_lcd_window_end	2	static
sd/sd.c:550:8:sd_read	13	static
../../emulator/emulator.c:160:11:_gfx_check_bounds	2	static
../../emulator/emulator.c:177:11:_memory_check_bounds	8	static
../../emulator/emulator.c:359:11:syscall_exit	2	static
../../emulator/emulator.c:372:11:syscall_finish	2	static
../../emulator/emulator.c:387:11:syscall_event_register	2	static
../../emulator/emulator.c:409:11:syscall_millis	2	static
adc/adc.c:22:5:adc_read.constprop	2	static
logger/logger.c:183:6:panic	132	static
spi/spi.c:25:4:spi_xchg	4	dynamic,bounded
xmem/xmem.c:53:13:_xmem_start	4	static
xmem/xmem.c:156:13:_xmem_read	9	static
xmem/xmem.c:286:6:xmem_read	18	static
../../emulator/emulator.c:295:11:memory_lw	15	static
../../emulator/emulator.c:436:11:syscall_serial_write	149	static
xmem/xmem.c:177:13:_xmem_write	9	static
xmem/xmem.c:297:6:xmem_write	18	static
../../emulator/emulator.c:655:11:emulator_next	29	static
lcd/lcd.c:163:13:_lcd_write_reg	2	static
lcd/lcd.c:176:13:_lcd_write_data	3	static
lcd/lcd.c:193:13:_lcd_window_start	10	static
lcd/lcd.c:222:20:_lcd_pixel	3	static
../../emulator/emulator.c:471:11:syscall_gfx_rect	19	static
lcd/lcd.c:437:6:lcd_logo_P	16	static
lcd/lcd.c:501:6:lcd_image_rgb565	670	static
../../emulator/emulator.c:500:11:syscall_gfx_image_rgb565	28	static
lcd/lcd.c:573:6:lcd_image_grayscale	366	static
../../emulator/emulator.c:534:11:syscall_gfx_image_grayscale	52	dynamic,bounded
../../emulator/emulator.c:578:11:syscall_gfx_image_1bit	97	static
lcd/lcd.c:453:4:lcd_char.constprop	15	static
logger/logger.c:95:13:_lcd_log	14	static
logger/logger.c:170:6:log_boot_P	132	static
sd/sd.c:142:11:_sd_command	6	static
sd/sd.c:120:13:_sd_timeout	4	dynamic,bounded
sd/sd.c:129:13:_sd_error	4	dynamic,bounded
initrd/initrd.c:20:6:initrd_load	553	dynamic,bounded
../../emulator/emulator.c:422:11:syscall_rand	4	static
main.c:29:5:main	35	dynamic,bounded
ps2/ps2.c:442:1:__vector_1	36	static
timer/timer.c:43:1:__vector_14	9	static
