   1               		.file	"xmem.c"
   2               	__SP_H__ = 0x3e
   3               	__SP_L__ = 0x3d
   4               	__SREG__ = 0x3f
   5               	__tmp_reg__ = 0
   6               	__zero_reg__ = 1
   7               		.text
   8               	.Ltext0:
   9               		.cfi_sections	.debug_frame
  10               		.file 0 "/home/files/osdev/platform/avr" "xmem/xmem.c"
  12               	_xmem_overlap:
  13               	.LVL0:
  14               	.LFB14:
  15               		.file 1 "xmem/xmem.c"
   1:xmem/xmem.c   **** /**
   2:xmem/xmem.c   ****  * @file    xmem.c
   3:xmem/xmem.c   ****  * @author  Tim Gabrikowski, Anton Tchekov
   4:xmem/xmem.c   ****  * @version 0.1
   5:xmem/xmem.c   ****  * @date    01.05.2023
   6:xmem/xmem.c   ****  */
   7:xmem/xmem.c   **** 
   8:xmem/xmem.c   **** #include <xmem.h>
   9:xmem/xmem.c   **** #include <spi.h>
  10:xmem/xmem.c   **** #include <logger.h>
  11:xmem/xmem.c   **** #include <gpio.h>
  12:xmem/xmem.c   **** #include <avr/io.h>
  13:xmem/xmem.c   **** #include <avr/pgmspace.h>
  14:xmem/xmem.c   **** #include <stdlib.h>
  15:xmem/xmem.c   **** 
  16:xmem/xmem.c   **** /* TODO: MEMORY TEST TYPE DEFINE */
  17:xmem/xmem.c   **** 
  18:xmem/xmem.c   **** /** How many memory banks there are */
  19:xmem/xmem.c   **** #define BANK_COUNT            3
  20:xmem/xmem.c   **** 
  21:xmem/xmem.c   **** /** The size of each memory bank as a power of two */
  22:xmem/xmem.c   **** #define BANK_SIZE_POT        17
  23:xmem/xmem.c   **** 
  24:xmem/xmem.c   **** /** The size of each memory bank in bytes */
  25:xmem/xmem.c   **** #define BANK_SIZE              0x20000UL
  26:xmem/xmem.c   **** 
  27:xmem/xmem.c   **** /** The interval in bytes at which to do progress updates in a memory test */
  28:xmem/xmem.c   **** #define OUTPUT_INTERVAL        0x2000UL
  29:xmem/xmem.c   **** 
  30:xmem/xmem.c   **** /** Dummy SPI value when receiving */
  31:xmem/xmem.c   **** #define DUMMY                  0xFF
  32:xmem/xmem.c   **** 
  33:xmem/xmem.c   **** /** Random seed for extended memory test */
  34:xmem/xmem.c   **** #define SEED                 42
  35:xmem/xmem.c   **** 
  36:xmem/xmem.c   **** /** Write block command */
  37:xmem/xmem.c   **** #define SRAM_COMMAND_WRITE    2
  38:xmem/xmem.c   **** 
  39:xmem/xmem.c   **** /** Read block command */
  40:xmem/xmem.c   **** #define SRAM_COMMAND_READ     3
  41:xmem/xmem.c   **** 
  42:xmem/xmem.c   **** /* --- PRIVATE --- */
  43:xmem/xmem.c   **** static void _xmem_start(u8 bank, u8 command, u32 addr)
  44:xmem/xmem.c   **** {
  45:xmem/xmem.c   **** 	XMEM_SELECT(bank);
  46:xmem/xmem.c   **** 	spi_xchg(command);
  47:xmem/xmem.c   **** 	spi_xchg(addr >> 16);
  48:xmem/xmem.c   **** 	spi_xchg(addr >> 8);
  49:xmem/xmem.c   **** 	spi_xchg(addr);
  50:xmem/xmem.c   **** }
  51:xmem/xmem.c   **** 
  52:xmem/xmem.c   **** static void _memtest(void)
  53:xmem/xmem.c   **** {
  54:xmem/xmem.c   **** 	u8 bank, w, v;
  55:xmem/xmem.c   **** 	u32 i;
  56:xmem/xmem.c   **** 
  57:xmem/xmem.c   **** 	/* Run checkerboard memory test */
  58:xmem/xmem.c   **** 	log_boot_P(LOG_INIT, PSTR("Starting complete memory test"));
  59:xmem/xmem.c   **** 
  60:xmem/xmem.c   **** 	spi_fast();
  61:xmem/xmem.c   **** 	for(bank = 0; bank < BANK_COUNT; ++bank)
  62:xmem/xmem.c   **** 	{
  63:xmem/xmem.c   **** 		log_boot_P(LOG_INIT, PSTR("Testing memory bank [%02d]"), bank + 1);
  64:xmem/xmem.c   **** 
  65:xmem/xmem.c   **** 		/* Write */
  66:xmem/xmem.c   **** 		log_boot_P(LOG_INIT, PSTR("Writing pattern"));
  67:xmem/xmem.c   **** 		_xmem_start(bank, SRAM_COMMAND_WRITE, 0);
  68:xmem/xmem.c   **** 		/* srand(SEED); */
  69:xmem/xmem.c   **** 		v = 0xAA;
  70:xmem/xmem.c   **** 		for(i = 0; ; ++i)
  71:xmem/xmem.c   **** 		{
  72:xmem/xmem.c   **** 			v = ~v; /* rand(); */
  73:xmem/xmem.c   **** 			if(i % OUTPUT_INTERVAL == 0)
  74:xmem/xmem.c   **** 			{
  75:xmem/xmem.c   **** 				log_boot_P(LOG_EXT, PSTR("0x%06lX"), i);
  76:xmem/xmem.c   **** 			}
  77:xmem/xmem.c   **** 
  78:xmem/xmem.c   **** 			if(i >= BANK_SIZE)
  79:xmem/xmem.c   **** 			{
  80:xmem/xmem.c   **** 				break;
  81:xmem/xmem.c   **** 			}
  82:xmem/xmem.c   **** 
  83:xmem/xmem.c   **** 			spi_xchg(v);
  84:xmem/xmem.c   **** 		}
  85:xmem/xmem.c   **** 
  86:xmem/xmem.c   **** 		XMEM_DESELECT(bank);
  87:xmem/xmem.c   **** 
  88:xmem/xmem.c   **** 		/* Read */
  89:xmem/xmem.c   **** 		log_boot_P(LOG_INIT, PSTR("Verifying pattern"));
  90:xmem/xmem.c   **** 		_xmem_start(bank, SRAM_COMMAND_READ, 0);
  91:xmem/xmem.c   **** 		/* srand(SEED); */
  92:xmem/xmem.c   **** 		v = 0xAA;
  93:xmem/xmem.c   **** 		for(i = 0; ; ++i)
  94:xmem/xmem.c   **** 		{
  95:xmem/xmem.c   **** 			v = ~v; /* rand(); */
  96:xmem/xmem.c   **** 			if(i % OUTPUT_INTERVAL == 0)
  97:xmem/xmem.c   **** 			{
  98:xmem/xmem.c   **** 				log_boot_P(LOG_EXT, PSTR("0x%06lX"), i);
  99:xmem/xmem.c   **** 			}
 100:xmem/xmem.c   **** 
 101:xmem/xmem.c   **** 			if(i >= BANK_SIZE)
 102:xmem/xmem.c   **** 			{
 103:xmem/xmem.c   **** 				break;
 104:xmem/xmem.c   **** 			}
 105:xmem/xmem.c   **** 
 106:xmem/xmem.c   **** 			w = spi_xchg(DUMMY);
 107:xmem/xmem.c   **** 			if(w != v)
 108:xmem/xmem.c   **** 			{
 109:xmem/xmem.c   **** 				XMEM_DESELECT(bank);
 110:xmem/xmem.c   **** 				panic(PSTR(
 111:xmem/xmem.c   **** 					"Memory test failed at address 0x%06lX\n"
 112:xmem/xmem.c   **** 					"         [0x%02X != 0x%02X]"),
 113:xmem/xmem.c   **** 					i, w, v);
 114:xmem/xmem.c   **** 			}
 115:xmem/xmem.c   **** 		}
 116:xmem/xmem.c   **** 
 117:xmem/xmem.c   **** 		XMEM_DESELECT(bank);
 118:xmem/xmem.c   **** 	}
 119:xmem/xmem.c   **** }
 120:xmem/xmem.c   **** 
 121:xmem/xmem.c   **** static void _xmem_read(u8 bank, u16 addr, void *data, u16 size)
 122:xmem/xmem.c   **** {
 123:xmem/xmem.c   **** 	u16 i;
 124:xmem/xmem.c   **** 	u8 *data8 = data;
 125:xmem/xmem.c   **** 	_xmem_start(bank, SRAM_COMMAND_READ, addr);
 126:xmem/xmem.c   **** 	for(i = 0; i < size; ++i)
 127:xmem/xmem.c   **** 	{
 128:xmem/xmem.c   **** 		data8[i] = spi_xchg(DUMMY);
 129:xmem/xmem.c   **** 	}
 130:xmem/xmem.c   **** 
 131:xmem/xmem.c   **** 	XMEM_DESELECT(bank);
 132:xmem/xmem.c   **** }
 133:xmem/xmem.c   **** 
 134:xmem/xmem.c   **** static void _xmem_write(u8 bank, u16 addr, const void *data, u16 size)
 135:xmem/xmem.c   **** {
 136:xmem/xmem.c   **** 	u16 i;
 137:xmem/xmem.c   **** 	const u8 *data8 = data;
 138:xmem/xmem.c   **** 	_xmem_start(bank, SRAM_COMMAND_WRITE, addr);
 139:xmem/xmem.c   **** 	for(i = 0; i < size; ++i)
 140:xmem/xmem.c   **** 	{
 141:xmem/xmem.c   **** 		spi_xchg(data8[i]);
 142:xmem/xmem.c   **** 	}
 143:xmem/xmem.c   **** 
 144:xmem/xmem.c   **** 	XMEM_DESELECT(bank);
 145:xmem/xmem.c   **** }
 146:xmem/xmem.c   **** 
 147:xmem/xmem.c   **** static void _xmem_set(u8 bank, u16 addr, u8 value, u16 size)
 148:xmem/xmem.c   **** {
 149:xmem/xmem.c   **** 	u16 i;
 150:xmem/xmem.c   **** 	_xmem_start(bank, SRAM_COMMAND_WRITE, addr);
 151:xmem/xmem.c   **** 	for(i = 0; i < size; ++i)
 152:xmem/xmem.c   **** 	{
 153:xmem/xmem.c   **** 		spi_xchg(value);
 154:xmem/xmem.c   **** 	}
 155:xmem/xmem.c   **** 
 156:xmem/xmem.c   **** 	XMEM_DESELECT(bank);
 157:xmem/xmem.c   **** }
 158:xmem/xmem.c   **** 
 159:xmem/xmem.c   **** static u8 _addr_to_bank(u32 addr)
 160:xmem/xmem.c   **** {
 161:xmem/xmem.c   **** 	return addr >> BANK_SIZE_POT;
 162:xmem/xmem.c   **** }
 163:xmem/xmem.c   **** 
 164:xmem/xmem.c   **** static u32 _addr_bank_offset(u32 addr)
 165:xmem/xmem.c   **** {
 166:xmem/xmem.c   **** 	return addr & (BANK_SIZE - 1);
 167:xmem/xmem.c   **** }
 168:xmem/xmem.c   **** 
 169:xmem/xmem.c   **** /** Internal struct to handle reads and writes across bank boundaries */
 170:xmem/xmem.c   **** typedef struct
 171:xmem/xmem.c   **** {
 172:xmem/xmem.c   **** 	/** First bank to access */
 173:xmem/xmem.c   **** 	u8 BankFirst;
 174:xmem/xmem.c   **** 
 175:xmem/xmem.c   **** 	/** Second bank to access */
 176:xmem/xmem.c   **** 	u8 BankSecond;
 177:xmem/xmem.c   **** 
 178:xmem/xmem.c   **** 	/** Start address of the first part */
 179:xmem/xmem.c   **** 	u16 AddrFirst;
 180:xmem/xmem.c   **** 
 181:xmem/xmem.c   **** 	/** Size of the first part */
 182:xmem/xmem.c   **** 	u16 SizeFirst;
 183:xmem/xmem.c   **** 
 184:xmem/xmem.c   **** 	/** Size of the second part */
 185:xmem/xmem.c   **** 	u16 SizeSecond;
 186:xmem/xmem.c   **** } AddrHelper;
 187:xmem/xmem.c   **** 
 188:xmem/xmem.c   **** static void _xmem_overlap(u32 addr, u16 size, AddrHelper *h)
 189:xmem/xmem.c   **** {
  16               		.loc 1 189 1 view -0
  17               		.cfi_startproc
  18               		.loc 1 189 1 is_stmt 0 view .LVU1
  19 0000 CF92      		push r12
  20               		.cfi_def_cfa_offset 3
  21               		.cfi_offset 12, -2
  22 0002 DF92      		push r13
  23               		.cfi_def_cfa_offset 4
  24               		.cfi_offset 13, -3
  25 0004 EF92      		push r14
  26               		.cfi_def_cfa_offset 5
  27               		.cfi_offset 14, -4
  28 0006 FF92      		push r15
  29               		.cfi_def_cfa_offset 6
  30               		.cfi_offset 15, -5
  31 0008 0F93      		push r16
  32               		.cfi_def_cfa_offset 7
  33               		.cfi_offset 16, -6
  34 000a 1F93      		push r17
  35               		.cfi_def_cfa_offset 8
  36               		.cfi_offset 17, -7
  37               	/* prologue: function */
  38               	/* frame size = 0 */
  39               	/* stack size = 6 */
  40               	.L__stack_usage = 6
  41 000c 6B01      		movw r12,r22
  42 000e 7C01      		movw r14,r24
  43 0010 CA01      		movw r24,r20
  44 0012 F901      		movw r30,r18
 190:xmem/xmem.c   **** 	u32 addr_end;
  45               		.loc 1 190 2 is_stmt 1 view .LVU2
 191:xmem/xmem.c   **** 
 192:xmem/xmem.c   **** 	h->AddrFirst = _addr_bank_offset(addr);
  46               		.loc 1 192 2 view .LVU3
  47               	.LVL1:
  48               	.LBB10:
  49               	.LBI10:
 164:xmem/xmem.c   **** {
  50               		.loc 1 164 12 view .LVU4
  51               	.LBB11:
 166:xmem/xmem.c   **** }
  52               		.loc 1 166 2 view .LVU5
 166:xmem/xmem.c   **** }
  53               		.loc 1 166 14 is_stmt 0 view .LVU6
  54 0014 B701      		movw r22,r14
  55 0016 A601      		movw r20,r12
  56               	.LVL2:
 166:xmem/xmem.c   **** }
  57               		.loc 1 166 14 view .LVU7
  58 0018 6170      		andi r22,1
  59 001a 7727      		clr r23
  60               	.LBE11:
  61               	.LBE10:
  62               		.loc 1 192 15 view .LVU8
  63 001c 5383      		std Z+3,r21
  64 001e 4283      		std Z+2,r20
 193:xmem/xmem.c   **** 	addr_end = addr + size;
  65               		.loc 1 193 2 is_stmt 1 view .LVU9
  66               		.loc 1 193 11 is_stmt 0 view .LVU10
  67 0020 B701      		movw r22,r14
  68 0022 A601      		movw r20,r12
  69 0024 480F      		add r20,r24
  70 0026 591F      		adc r21,r25
  71 0028 611D      		adc r22,__zero_reg__
  72 002a 711D      		adc r23,__zero_reg__
  73               	.LVL3:
 194:xmem/xmem.c   **** 
 195:xmem/xmem.c   **** 	h->BankFirst = _addr_to_bank(addr);
  74               		.loc 1 195 2 is_stmt 1 view .LVU11
  75               	.LBB12:
  76               	.LBI12:
 159:xmem/xmem.c   **** {
  77               		.loc 1 159 11 view .LVU12
  78               	.LBB13:
 161:xmem/xmem.c   **** }
  79               		.loc 1 161 2 view .LVU13
 161:xmem/xmem.c   **** }
  80               		.loc 1 161 14 is_stmt 0 view .LVU14
  81 002c 21E1      		ldi r18,17
  82               		1:
  83 002e F694      		lsr r15
  84 0030 E794      		ror r14
  85 0032 D794      		ror r13
  86 0034 C794      		ror r12
  87 0036 2A95      		dec r18
  88 0038 01F4      		brne 1b
  89               	.LVL4:
 161:xmem/xmem.c   **** }
  90               		.loc 1 161 14 view .LVU15
  91               	.LBE13:
  92               	.LBE12:
  93               		.loc 1 195 15 view .LVU16
  94 003a C082      		st Z,r12
 196:xmem/xmem.c   **** 	h->BankSecond = _addr_to_bank(addr_end);
  95               		.loc 1 196 2 is_stmt 1 view .LVU17
  96               	.LVL5:
  97               	.LBB14:
  98               	.LBI14:
 159:xmem/xmem.c   **** {
  99               		.loc 1 159 11 view .LVU18
 100               	.LBB15:
 161:xmem/xmem.c   **** }
 101               		.loc 1 161 2 view .LVU19
 161:xmem/xmem.c   **** }
 102               		.loc 1 161 14 is_stmt 0 view .LVU20
 103 003c 8A01      		movw r16,r20
 104 003e 9B01      		movw r18,r22
 105 0040 A1E1      		ldi r26,17
 106               		1:
 107 0042 3695      		lsr r19
 108 0044 2795      		ror r18
 109 0046 1795      		ror r17
 110 0048 0795      		ror r16
 111 004a AA95      		dec r26
 112 004c 01F4      		brne 1b
 113               	.LVL6:
 161:xmem/xmem.c   **** }
 114               		.loc 1 161 14 view .LVU21
 115               	.LBE15:
 116               	.LBE14:
 117               		.loc 1 196 16 view .LVU22
 118 004e 0183      		std Z+1,r16
 197:xmem/xmem.c   **** 	if(h->BankFirst == h->BankSecond)
 119               		.loc 1 197 2 is_stmt 1 view .LVU23
 120               		.loc 1 197 4 is_stmt 0 view .LVU24
 121 0050 0C15      		cp r16,r12
 122 0052 01F0      		breq .L2
 198:xmem/xmem.c   **** 	{
 199:xmem/xmem.c   **** 		h->SizeFirst = size;
 200:xmem/xmem.c   **** 	}
 201:xmem/xmem.c   **** 	else
 202:xmem/xmem.c   **** 	{
 203:xmem/xmem.c   **** 		h->SizeSecond = _addr_bank_offset(addr_end);
 123               		.loc 1 203 3 is_stmt 1 view .LVU25
 124               	.LVL7:
 125               	.LBB16:
 126               	.LBI16:
 164:xmem/xmem.c   **** {
 127               		.loc 1 164 12 view .LVU26
 128               	.LBB17:
 166:xmem/xmem.c   **** }
 129               		.loc 1 166 2 view .LVU27
 166:xmem/xmem.c   **** }
 130               		.loc 1 166 14 is_stmt 0 view .LVU28
 131 0054 6170      		andi r22,1
 132 0056 7727      		clr r23
 133               	.LVL8:
 166:xmem/xmem.c   **** }
 134               		.loc 1 166 14 view .LVU29
 135               	.LBE17:
 136               	.LBE16:
 137               		.loc 1 203 17 view .LVU30
 138 0058 5783      		std Z+7,r21
 139 005a 4683      		std Z+6,r20
 204:xmem/xmem.c   **** 		h->SizeFirst = size - h->SizeSecond;
 140               		.loc 1 204 3 is_stmt 1 view .LVU31
 141               		.loc 1 204 23 is_stmt 0 view .LVU32
 142 005c 841B      		sub r24,r20
 143 005e 950B      		sbc r25,r21
 144               	.LVL9:
 145               	.L2:
 199:xmem/xmem.c   **** 	}
 146               		.loc 1 199 16 view .LVU33
 147 0060 9583      		std Z+5,r25
 148 0062 8483      		std Z+4,r24
 149               	/* epilogue start */
 205:xmem/xmem.c   **** 	}
 206:xmem/xmem.c   **** }
 150               		.loc 1 206 1 view .LVU34
 151 0064 1F91      		pop r17
 152 0066 0F91      		pop r16
 153 0068 FF90      		pop r15
 154 006a EF90      		pop r14
 155 006c DF90      		pop r13
 156 006e CF90      		pop r12
 157 0070 0895      		ret
 158               		.cfi_endproc
 159               	.LFE14:
 162               	_xmem_start:
 163               	.LVL10:
 164               	.LFB7:
  44:xmem/xmem.c   **** 	XMEM_SELECT(bank);
 165               		.loc 1 44 1 is_stmt 1 view -0
 166               		.cfi_startproc
  44:xmem/xmem.c   **** 	XMEM_SELECT(bank);
 167               		.loc 1 44 1 is_stmt 0 view .LVU36
 168 0072 CF93      		push r28
 169               		.cfi_def_cfa_offset 3
 170               		.cfi_offset 28, -2
 171 0074 DF93      		push r29
 172               		.cfi_def_cfa_offset 4
 173               		.cfi_offset 29, -3
 174               	/* prologue: function */
 175               	/* frame size = 0 */
 176               	/* stack size = 2 */
 177               	.L__stack_usage = 2
 178 0076 E901      		movw r28,r18
  45:xmem/xmem.c   **** 	spi_xchg(command);
 179               		.loc 1 45 2 is_stmt 1 view .LVU37
 180 0078 95B1      		in r25,0x5
 181 007a 41E0      		ldi r20,lo8(1)
 182 007c 50E0      		ldi r21,0
 183 007e 00C0      		rjmp 2f
 184               		1:
 185 0080 440F      		lsl r20
 186               		2:
 187 0082 8A95      		dec r24
 188 0084 02F4      		brpl 1b
 189 0086 4095      		com r20
 190 0088 4923      		and r20,r25
 191 008a 45B9      		out 0x5,r20
  46:xmem/xmem.c   **** 	spi_xchg(addr >> 16);
 192               		.loc 1 46 2 view .LVU38
 193 008c 862F      		mov r24,r22
 194               	.LVL11:
  46:xmem/xmem.c   **** 	spi_xchg(addr >> 16);
 195               		.loc 1 46 2 is_stmt 0 view .LVU39
 196 008e 0E94 0000 		call spi_xchg
 197               	.LVL12:
  47:xmem/xmem.c   **** 	spi_xchg(addr >> 8);
 198               		.loc 1 47 2 is_stmt 1 view .LVU40
 199 0092 80E0      		ldi r24,0
 200 0094 0E94 0000 		call spi_xchg
 201               	.LVL13:
  48:xmem/xmem.c   **** 	spi_xchg(addr);
 202               		.loc 1 48 2 view .LVU41
 203 0098 8D2F      		mov r24,r29
 204 009a 0E94 0000 		call spi_xchg
 205               	.LVL14:
  49:xmem/xmem.c   **** }
 206               		.loc 1 49 2 view .LVU42
 207 009e 8C2F      		mov r24,r28
 208               	/* epilogue start */
  50:xmem/xmem.c   **** 
 209               		.loc 1 50 1 is_stmt 0 view .LVU43
 210 00a0 DF91      		pop r29
 211 00a2 CF91      		pop r28
  49:xmem/xmem.c   **** }
 212               		.loc 1 49 2 view .LVU44
 213 00a4 0C94 0000 		jmp spi_xchg
 214               	.LVL15:
 215               		.cfi_endproc
 216               	.LFE7:
 219               	_xmem_read:
 220               	.LVL16:
 221               	.LFB9:
 122:xmem/xmem.c   **** 	u16 i;
 222               		.loc 1 122 1 is_stmt 1 view -0
 223               		.cfi_startproc
 122:xmem/xmem.c   **** 	u16 i;
 224               		.loc 1 122 1 is_stmt 0 view .LVU46
 225 00a8 DF92      		push r13
 226               		.cfi_def_cfa_offset 3
 227               		.cfi_offset 13, -2
 228 00aa EF92      		push r14
 229               		.cfi_def_cfa_offset 4
 230               		.cfi_offset 14, -3
 231 00ac FF92      		push r15
 232               		.cfi_def_cfa_offset 5
 233               		.cfi_offset 15, -4
 234 00ae 0F93      		push r16
 235               		.cfi_def_cfa_offset 6
 236               		.cfi_offset 16, -5
 237 00b0 1F93      		push r17
 238               		.cfi_def_cfa_offset 7
 239               		.cfi_offset 17, -6
 240 00b2 CF93      		push r28
 241               		.cfi_def_cfa_offset 8
 242               		.cfi_offset 28, -7
 243 00b4 DF93      		push r29
 244               		.cfi_def_cfa_offset 9
 245               		.cfi_offset 29, -8
 246               	/* prologue: function */
 247               	/* frame size = 0 */
 248               	/* stack size = 7 */
 249               	.L__stack_usage = 7
 250 00b6 F82E      		mov r15,r24
 251 00b8 D42E      		mov r13,r20
 252 00ba E52E      		mov r14,r21
 253 00bc 8901      		movw r16,r18
 123:xmem/xmem.c   **** 	u8 *data8 = data;
 254               		.loc 1 123 2 is_stmt 1 view .LVU47
 124:xmem/xmem.c   **** 	_xmem_start(bank, SRAM_COMMAND_READ, addr);
 255               		.loc 1 124 2 view .LVU48
 256               	.LVL17:
 125:xmem/xmem.c   **** 	for(i = 0; i < size; ++i)
 257               		.loc 1 125 2 view .LVU49
 258 00be 9B01      		movw r18,r22
 259               	.LVL18:
 125:xmem/xmem.c   **** 	for(i = 0; i < size; ++i)
 260               		.loc 1 125 2 is_stmt 0 view .LVU50
 261 00c0 40E0      		ldi r20,0
 262 00c2 50E0      		ldi r21,0
 263               	.LVL19:
 125:xmem/xmem.c   **** 	for(i = 0; i < size; ++i)
 264               		.loc 1 125 2 view .LVU51
 265 00c4 63E0      		ldi r22,lo8(3)
 266               	.LVL20:
 125:xmem/xmem.c   **** 	for(i = 0; i < size; ++i)
 267               		.loc 1 125 2 view .LVU52
 268 00c6 0E94 0000 		call _xmem_start
 269               	.LVL21:
 126:xmem/xmem.c   **** 	{
 270               		.loc 1 126 2 is_stmt 1 view .LVU53
 126:xmem/xmem.c   **** 	{
 271               		.loc 1 126 2 is_stmt 0 view .LVU54
 272 00ca CD2D      		mov r28,r13
 273 00cc DE2D      		mov r29,r14
 274 00ce 0C0F      		add r16,r28
 275 00d0 1D1F      		adc r17,r29
 276               	.LVL22:
 277               	.L5:
 126:xmem/xmem.c   **** 	{
 278               		.loc 1 126 15 is_stmt 1 discriminator 1 view .LVU55
 279 00d2 C017      		cp r28,r16
 280 00d4 D107      		cpc r29,r17
 281 00d6 01F4      		brne .L6
 131:xmem/xmem.c   **** }
 282               		.loc 1 131 2 view .LVU56
 283 00d8 85B1      		in r24,0x5
 284 00da 21E0      		ldi r18,lo8(1)
 285 00dc 30E0      		ldi r19,0
 286 00de 00C0      		rjmp 2f
 287               		1:
 288 00e0 220F      		lsl r18
 289               		2:
 290 00e2 FA94      		dec r15
 291 00e4 02F4      		brpl 1b
 292 00e6 822B      		or r24,r18
 293 00e8 85B9      		out 0x5,r24
 294               	/* epilogue start */
 132:xmem/xmem.c   **** 
 295               		.loc 1 132 1 is_stmt 0 view .LVU57
 296 00ea DF91      		pop r29
 297 00ec CF91      		pop r28
 298               	.LVL23:
 132:xmem/xmem.c   **** 
 299               		.loc 1 132 1 view .LVU58
 300 00ee 1F91      		pop r17
 301 00f0 0F91      		pop r16
 302 00f2 FF90      		pop r15
 303               	.LVL24:
 132:xmem/xmem.c   **** 
 304               		.loc 1 132 1 view .LVU59
 305 00f4 EF90      		pop r14
 306 00f6 DF90      		pop r13
 307 00f8 0895      		ret
 308               	.LVL25:
 309               	.L6:
 128:xmem/xmem.c   **** 	}
 310               		.loc 1 128 3 is_stmt 1 discriminator 3 view .LVU60
 128:xmem/xmem.c   **** 	}
 311               		.loc 1 128 14 is_stmt 0 discriminator 3 view .LVU61
 312 00fa 8FEF      		ldi r24,lo8(-1)
 313 00fc 0E94 0000 		call spi_xchg
 314               	.LVL26:
 128:xmem/xmem.c   **** 	}
 315               		.loc 1 128 12 discriminator 3 view .LVU62
 316 0100 8993      		st Y+,r24
 317               	.LVL27:
 126:xmem/xmem.c   **** 	{
 318               		.loc 1 126 23 is_stmt 1 discriminator 3 view .LVU63
 126:xmem/xmem.c   **** 	{
 319               		.loc 1 126 23 is_stmt 0 discriminator 3 view .LVU64
 320 0102 00C0      		rjmp .L5
 321               		.cfi_endproc
 322               	.LFE9:
 325               	_xmem_write:
 326               	.LVL28:
 327               	.LFB10:
 135:xmem/xmem.c   **** 	u16 i;
 328               		.loc 1 135 1 is_stmt 1 view -0
 329               		.cfi_startproc
 135:xmem/xmem.c   **** 	u16 i;
 330               		.loc 1 135 1 is_stmt 0 view .LVU66
 331 0104 DF92      		push r13
 332               		.cfi_def_cfa_offset 3
 333               		.cfi_offset 13, -2
 334 0106 EF92      		push r14
 335               		.cfi_def_cfa_offset 4
 336               		.cfi_offset 14, -3
 337 0108 FF92      		push r15
 338               		.cfi_def_cfa_offset 5
 339               		.cfi_offset 15, -4
 340 010a 0F93      		push r16
 341               		.cfi_def_cfa_offset 6
 342               		.cfi_offset 16, -5
 343 010c 1F93      		push r17
 344               		.cfi_def_cfa_offset 7
 345               		.cfi_offset 17, -6
 346 010e CF93      		push r28
 347               		.cfi_def_cfa_offset 8
 348               		.cfi_offset 28, -7
 349 0110 DF93      		push r29
 350               		.cfi_def_cfa_offset 9
 351               		.cfi_offset 29, -8
 352               	/* prologue: function */
 353               	/* frame size = 0 */
 354               	/* stack size = 7 */
 355               	.L__stack_usage = 7
 356 0112 F82E      		mov r15,r24
 357 0114 D42E      		mov r13,r20
 358 0116 E52E      		mov r14,r21
 359 0118 8901      		movw r16,r18
 136:xmem/xmem.c   **** 	const u8 *data8 = data;
 360               		.loc 1 136 2 is_stmt 1 view .LVU67
 137:xmem/xmem.c   **** 	_xmem_start(bank, SRAM_COMMAND_WRITE, addr);
 361               		.loc 1 137 2 view .LVU68
 362               	.LVL29:
 138:xmem/xmem.c   **** 	for(i = 0; i < size; ++i)
 363               		.loc 1 138 2 view .LVU69
 364 011a 9B01      		movw r18,r22
 365               	.LVL30:
 138:xmem/xmem.c   **** 	for(i = 0; i < size; ++i)
 366               		.loc 1 138 2 is_stmt 0 view .LVU70
 367 011c 40E0      		ldi r20,0
 368 011e 50E0      		ldi r21,0
 369               	.LVL31:
 138:xmem/xmem.c   **** 	for(i = 0; i < size; ++i)
 370               		.loc 1 138 2 view .LVU71
 371 0120 62E0      		ldi r22,lo8(2)
 372               	.LVL32:
 138:xmem/xmem.c   **** 	for(i = 0; i < size; ++i)
 373               		.loc 1 138 2 view .LVU72
 374 0122 0E94 0000 		call _xmem_start
 375               	.LVL33:
 139:xmem/xmem.c   **** 	{
 376               		.loc 1 139 2 is_stmt 1 view .LVU73
 139:xmem/xmem.c   **** 	{
 377               		.loc 1 139 2 is_stmt 0 view .LVU74
 378 0126 CD2D      		mov r28,r13
 379 0128 DE2D      		mov r29,r14
 380 012a 0C0F      		add r16,r28
 381 012c 1D1F      		adc r17,r29
 382               	.LVL34:
 383               	.L8:
 139:xmem/xmem.c   **** 	{
 384               		.loc 1 139 15 is_stmt 1 discriminator 1 view .LVU75
 385 012e C017      		cp r28,r16
 386 0130 D107      		cpc r29,r17
 387 0132 01F4      		brne .L9
 144:xmem/xmem.c   **** }
 388               		.loc 1 144 2 view .LVU76
 389 0134 85B1      		in r24,0x5
 390 0136 21E0      		ldi r18,lo8(1)
 391 0138 30E0      		ldi r19,0
 392 013a 00C0      		rjmp 2f
 393               		1:
 394 013c 220F      		lsl r18
 395               		2:
 396 013e FA94      		dec r15
 397 0140 02F4      		brpl 1b
 398 0142 822B      		or r24,r18
 399 0144 85B9      		out 0x5,r24
 400               	/* epilogue start */
 145:xmem/xmem.c   **** 
 401               		.loc 1 145 1 is_stmt 0 view .LVU77
 402 0146 DF91      		pop r29
 403 0148 CF91      		pop r28
 404               	.LVL35:
 145:xmem/xmem.c   **** 
 405               		.loc 1 145 1 view .LVU78
 406 014a 1F91      		pop r17
 407 014c 0F91      		pop r16
 408 014e FF90      		pop r15
 409               	.LVL36:
 145:xmem/xmem.c   **** 
 410               		.loc 1 145 1 view .LVU79
 411 0150 EF90      		pop r14
 412 0152 DF90      		pop r13
 413 0154 0895      		ret
 414               	.LVL37:
 415               	.L9:
 141:xmem/xmem.c   **** 	}
 416               		.loc 1 141 3 is_stmt 1 discriminator 3 view .LVU80
 417 0156 8991      		ld r24,Y+
 418               	.LVL38:
 141:xmem/xmem.c   **** 	}
 419               		.loc 1 141 3 is_stmt 0 discriminator 3 view .LVU81
 420 0158 0E94 0000 		call spi_xchg
 421               	.LVL39:
 139:xmem/xmem.c   **** 	{
 422               		.loc 1 139 23 is_stmt 1 discriminator 3 view .LVU82
 139:xmem/xmem.c   **** 	{
 423               		.loc 1 139 23 is_stmt 0 discriminator 3 view .LVU83
 424 015c 00C0      		rjmp .L8
 425               		.cfi_endproc
 426               	.LFE10:
 429               	_xmem_set:
 430               	.LVL40:
 431               	.LFB11:
 148:xmem/xmem.c   **** 	u16 i;
 432               		.loc 1 148 1 is_stmt 1 view -0
 433               		.cfi_startproc
 148:xmem/xmem.c   **** 	u16 i;
 434               		.loc 1 148 1 is_stmt 0 view .LVU85
 435 015e EF92      		push r14
 436               		.cfi_def_cfa_offset 3
 437               		.cfi_offset 14, -2
 438 0160 FF92      		push r15
 439               		.cfi_def_cfa_offset 4
 440               		.cfi_offset 15, -3
 441 0162 0F93      		push r16
 442               		.cfi_def_cfa_offset 5
 443               		.cfi_offset 16, -4
 444 0164 1F93      		push r17
 445               		.cfi_def_cfa_offset 6
 446               		.cfi_offset 17, -5
 447 0166 CF93      		push r28
 448               		.cfi_def_cfa_offset 7
 449               		.cfi_offset 28, -6
 450 0168 DF93      		push r29
 451               		.cfi_def_cfa_offset 8
 452               		.cfi_offset 29, -7
 453               	/* prologue: function */
 454               	/* frame size = 0 */
 455               	/* stack size = 6 */
 456               	.L__stack_usage = 6
 457 016a C82F      		mov r28,r24
 458 016c D42F      		mov r29,r20
 459 016e 8901      		movw r16,r18
 149:xmem/xmem.c   **** 	_xmem_start(bank, SRAM_COMMAND_WRITE, addr);
 460               		.loc 1 149 2 is_stmt 1 view .LVU86
 150:xmem/xmem.c   **** 	for(i = 0; i < size; ++i)
 461               		.loc 1 150 2 view .LVU87
 462 0170 9B01      		movw r18,r22
 463               	.LVL41:
 150:xmem/xmem.c   **** 	for(i = 0; i < size; ++i)
 464               		.loc 1 150 2 is_stmt 0 view .LVU88
 465 0172 40E0      		ldi r20,0
 466 0174 50E0      		ldi r21,0
 467               	.LVL42:
 150:xmem/xmem.c   **** 	for(i = 0; i < size; ++i)
 468               		.loc 1 150 2 view .LVU89
 469 0176 62E0      		ldi r22,lo8(2)
 470               	.LVL43:
 150:xmem/xmem.c   **** 	for(i = 0; i < size; ++i)
 471               		.loc 1 150 2 view .LVU90
 472 0178 0E94 0000 		call _xmem_start
 473               	.LVL44:
 151:xmem/xmem.c   **** 	{
 474               		.loc 1 151 2 is_stmt 1 view .LVU91
 151:xmem/xmem.c   **** 	{
 475               		.loc 1 151 8 is_stmt 0 view .LVU92
 476 017c E12C      		mov r14,__zero_reg__
 477 017e F12C      		mov r15,__zero_reg__
 478               	.LVL45:
 479               	.L11:
 151:xmem/xmem.c   **** 	{
 480               		.loc 1 151 15 is_stmt 1 discriminator 1 view .LVU93
 481 0180 E016      		cp r14,r16
 482 0182 F106      		cpc r15,r17
 483 0184 01F4      		brne .L12
 156:xmem/xmem.c   **** }
 484               		.loc 1 156 2 view .LVU94
 485 0186 85B1      		in r24,0x5
 486 0188 21E0      		ldi r18,lo8(1)
 487 018a 30E0      		ldi r19,0
 488 018c 00C0      		rjmp 2f
 489               		1:
 490 018e 220F      		lsl r18
 491               		2:
 492 0190 CA95      		dec r28
 493 0192 02F4      		brpl 1b
 494 0194 822B      		or r24,r18
 495 0196 85B9      		out 0x5,r24
 496               	/* epilogue start */
 157:xmem/xmem.c   **** 
 497               		.loc 1 157 1 is_stmt 0 view .LVU95
 498 0198 DF91      		pop r29
 499               	.LVL46:
 157:xmem/xmem.c   **** 
 500               		.loc 1 157 1 view .LVU96
 501 019a CF91      		pop r28
 502               	.LVL47:
 157:xmem/xmem.c   **** 
 503               		.loc 1 157 1 view .LVU97
 504 019c 1F91      		pop r17
 505 019e 0F91      		pop r16
 506               	.LVL48:
 157:xmem/xmem.c   **** 
 507               		.loc 1 157 1 view .LVU98
 508 01a0 FF90      		pop r15
 509 01a2 EF90      		pop r14
 510               	.LVL49:
 157:xmem/xmem.c   **** 
 511               		.loc 1 157 1 view .LVU99
 512 01a4 0895      		ret
 513               	.LVL50:
 514               	.L12:
 153:xmem/xmem.c   **** 	}
 515               		.loc 1 153 3 is_stmt 1 discriminator 3 view .LVU100
 516 01a6 8D2F      		mov r24,r29
 517 01a8 0E94 0000 		call spi_xchg
 518               	.LVL51:
 151:xmem/xmem.c   **** 	{
 519               		.loc 1 151 23 discriminator 3 view .LVU101
 520 01ac 8FEF      		ldi r24,-1
 521 01ae E81A      		sub r14,r24
 522 01b0 F80A      		sbc r15,r24
 523               	.LVL52:
 151:xmem/xmem.c   **** 	{
 524               		.loc 1 151 23 is_stmt 0 discriminator 3 view .LVU102
 525 01b2 00C0      		rjmp .L11
 526               		.cfi_endproc
 527               	.LFE11:
 529               	.global	xmem_init
 531               	xmem_init:
 532               	.LFB15:
 207:xmem/xmem.c   **** 
 208:xmem/xmem.c   **** /* --- PUBLIC --- */
 209:xmem/xmem.c   **** void xmem_init(void)
 210:xmem/xmem.c   **** {
 533               		.loc 1 210 1 is_stmt 1 view -0
 534               		.cfi_startproc
 535 01b4 2F92      		push r2
 536               		.cfi_def_cfa_offset 3
 537               		.cfi_offset 2, -2
 538 01b6 3F92      		push r3
 539               		.cfi_def_cfa_offset 4
 540               		.cfi_offset 3, -3
 541 01b8 4F92      		push r4
 542               		.cfi_def_cfa_offset 5
 543               		.cfi_offset 4, -4
 544 01ba 5F92      		push r5
 545               		.cfi_def_cfa_offset 6
 546               		.cfi_offset 5, -5
 547 01bc 6F92      		push r6
 548               		.cfi_def_cfa_offset 7
 549               		.cfi_offset 6, -6
 550 01be 7F92      		push r7
 551               		.cfi_def_cfa_offset 8
 552               		.cfi_offset 7, -7
 553 01c0 8F92      		push r8
 554               		.cfi_def_cfa_offset 9
 555               		.cfi_offset 8, -8
 556 01c2 9F92      		push r9
 557               		.cfi_def_cfa_offset 10
 558               		.cfi_offset 9, -9
 559 01c4 AF92      		push r10
 560               		.cfi_def_cfa_offset 11
 561               		.cfi_offset 10, -10
 562 01c6 BF92      		push r11
 563               		.cfi_def_cfa_offset 12
 564               		.cfi_offset 11, -11
 565 01c8 CF92      		push r12
 566               		.cfi_def_cfa_offset 13
 567               		.cfi_offset 12, -12
 568 01ca DF92      		push r13
 569               		.cfi_def_cfa_offset 14
 570               		.cfi_offset 13, -13
 571 01cc FF92      		push r15
 572               		.cfi_def_cfa_offset 15
 573               		.cfi_offset 15, -14
 574 01ce 0F93      		push r16
 575               		.cfi_def_cfa_offset 16
 576               		.cfi_offset 16, -15
 577 01d0 1F93      		push r17
 578               		.cfi_def_cfa_offset 17
 579               		.cfi_offset 17, -16
 580 01d2 CF93      		push r28
 581               		.cfi_def_cfa_offset 18
 582               		.cfi_offset 28, -17
 583 01d4 DF93      		push r29
 584               		.cfi_def_cfa_offset 19
 585               		.cfi_offset 29, -18
 586 01d6 00D0      		rcall .
 587 01d8 0F92      		push __tmp_reg__
 588               		.cfi_def_cfa_offset 22
 589 01da CDB7      		in r28,__SP_L__
 590 01dc DEB7      		in r29,__SP_H__
 591               		.cfi_def_cfa_register 28
 592               	/* prologue: function */
 593               	/* frame size = 3 */
 594               	/* stack size = 20 */
 595               	.L__stack_usage = 20
 211:xmem/xmem.c   **** 	/* Initialize XMEM */
 212:xmem/xmem.c   **** 	log_boot_P(LOG_INIT, PSTR("External memory driver initialized"));
 596               		.loc 1 212 2 view .LVU104
 597               	.LBB28:
 598               		.loc 1 212 23 view .LVU105
 599               		.loc 1 212 23 view .LVU106
 600               	.LBE28:
 601               		.loc 1 212 2 is_stmt 0 view .LVU107
 602 01de 80E0      		ldi r24,lo8(__c.7)
 603 01e0 90E0      		ldi r25,hi8(__c.7)
 604 01e2 9F93      		push r25
 605 01e4 8F93      		push r24
 606 01e6 1F92      		push __zero_reg__
 607 01e8 0E94 0000 		call log_boot_P
 608               	.LVL53:
 213:xmem/xmem.c   **** 	_memtest();
 609               		.loc 1 213 2 is_stmt 1 view .LVU108
 610               	.LBB29:
 611               	.LBI29:
  52:xmem/xmem.c   **** {
 612               		.loc 1 52 13 view .LVU109
 613               	.LBB30:
  54:xmem/xmem.c   **** 	u32 i;
 614               		.loc 1 54 2 view .LVU110
  55:xmem/xmem.c   **** 
 615               		.loc 1 55 2 view .LVU111
  58:xmem/xmem.c   **** 
 616               		.loc 1 58 2 view .LVU112
 617               	.LBE30:
  58:xmem/xmem.c   **** 
 618               		.loc 1 58 23 view .LVU113
  58:xmem/xmem.c   **** 
 619               		.loc 1 58 23 view .LVU114
 620               	.LBB31:
  58:xmem/xmem.c   **** 
 621               		.loc 1 58 2 is_stmt 0 view .LVU115
 622 01ec 80E0      		ldi r24,lo8(__c.6)
 623 01ee 90E0      		ldi r25,hi8(__c.6)
 624 01f0 9F93      		push r25
 625 01f2 8F93      		push r24
 626 01f4 1F92      		push __zero_reg__
 627 01f6 0E94 0000 		call log_boot_P
 628               	.LVL54:
  60:xmem/xmem.c   **** 	for(bank = 0; bank < BANK_COUNT; ++bank)
 629               		.loc 1 60 2 is_stmt 1 view .LVU116
 630 01fa 0E94 0000 		call spi_fast
 631               	.LVL55:
  61:xmem/xmem.c   **** 	{
 632               		.loc 1 61 2 view .LVU117
  61:xmem/xmem.c   **** 	{
 633               		.loc 1 61 21 view .LVU118
  60:xmem/xmem.c   **** 	for(bank = 0; bank < BANK_COUNT; ++bank)
 634               		.loc 1 60 2 is_stmt 0 view .LVU119
 635 01fe 0F90      		pop __tmp_reg__
 636 0200 0F90      		pop __tmp_reg__
 637 0202 0F90      		pop __tmp_reg__
 638 0204 0F90      		pop __tmp_reg__
 639 0206 0F90      		pop __tmp_reg__
 640 0208 0F90      		pop __tmp_reg__
 641 020a 1B82      		std Y+3,__zero_reg__
 642 020c 1A82      		std Y+2,__zero_reg__
  75:xmem/xmem.c   **** 			}
 643               		.loc 1 75 5 view .LVU120
 644 020e 90E0      		ldi r25,lo8(__c.3)
 645 0210 A92E      		mov r10,r25
 646 0212 90E0      		ldi r25,hi8(__c.3)
 647 0214 B92E      		mov r11,r25
  86:xmem/xmem.c   **** 
 648               		.loc 1 86 3 view .LVU121
 649 0216 2224      		clr r2
 650 0218 2394      		inc r2
 651 021a 312C      		mov r3,__zero_reg__
  89:xmem/xmem.c   **** 		_xmem_start(bank, SRAM_COMMAND_READ, 0);
 652               		.loc 1 89 3 view .LVU122
 653 021c 30E0      		ldi r19,lo8(__c.2)
 654 021e 832E      		mov r8,r19
 655 0220 30E0      		ldi r19,hi8(__c.2)
 656 0222 932E      		mov r9,r19
 110:xmem/xmem.c   **** 					"Memory test failed at address 0x%06lX\n"
 657               		.loc 1 110 5 view .LVU123
 658 0224 40E0      		ldi r20,lo8(__c.0)
 659 0226 C42E      		mov r12,r20
 660 0228 40E0      		ldi r20,hi8(__c.0)
 661 022a D42E      		mov r13,r20
 662               	.LVL56:
 663               	.L21:
 110:xmem/xmem.c   **** 					"Memory test failed at address 0x%06lX\n"
 664               		.loc 1 110 5 view .LVU124
 665 022c FA80      		ldd r15,Y+2
 666               	.LVL57:
  63:xmem/xmem.c   **** 
 667               		.loc 1 63 3 is_stmt 1 view .LVU125
 668 022e 0F2D      		mov r16,r15
 669 0230 2A81      		ldd r18,Y+2
 670 0232 3B81      		ldd r19,Y+3
 671 0234 2F5F      		subi r18,-1
 672 0236 3F4F      		sbci r19,-1
 673 0238 3B83      		std Y+3,r19
 674 023a 2A83      		std Y+2,r18
 675               	.LBE31:
  63:xmem/xmem.c   **** 
 676               		.loc 1 63 24 view .LVU126
  63:xmem/xmem.c   **** 
 677               		.loc 1 63 24 view .LVU127
 678               	.LBB32:
  63:xmem/xmem.c   **** 
 679               		.loc 1 63 3 is_stmt 0 view .LVU128
 680 023c 3F93      		push r19
 681 023e 2F93      		push r18
 682 0240 80E0      		ldi r24,lo8(__c.5)
 683 0242 90E0      		ldi r25,hi8(__c.5)
 684 0244 9F93      		push r25
 685 0246 8F93      		push r24
 686 0248 1F92      		push __zero_reg__
 687 024a 0E94 0000 		call log_boot_P
 688               	.LVL58:
  66:xmem/xmem.c   **** 		_xmem_start(bank, SRAM_COMMAND_WRITE, 0);
 689               		.loc 1 66 3 is_stmt 1 view .LVU129
 690               	.LBE32:
  66:xmem/xmem.c   **** 		_xmem_start(bank, SRAM_COMMAND_WRITE, 0);
 691               		.loc 1 66 24 view .LVU130
  66:xmem/xmem.c   **** 		_xmem_start(bank, SRAM_COMMAND_WRITE, 0);
 692               		.loc 1 66 24 view .LVU131
 693               	.LBB33:
  66:xmem/xmem.c   **** 		_xmem_start(bank, SRAM_COMMAND_WRITE, 0);
 694               		.loc 1 66 3 is_stmt 0 view .LVU132
 695 024e 80E0      		ldi r24,lo8(__c.4)
 696 0250 90E0      		ldi r25,hi8(__c.4)
 697 0252 9F93      		push r25
 698 0254 8F93      		push r24
 699 0256 1F92      		push __zero_reg__
 700 0258 0E94 0000 		call log_boot_P
 701               	.LVL59:
  67:xmem/xmem.c   **** 		/* srand(SEED); */
 702               		.loc 1 67 3 is_stmt 1 view .LVU133
 703 025c 20E0      		ldi r18,0
 704 025e 30E0      		ldi r19,0
 705 0260 A901      		movw r20,r18
 706 0262 62E0      		ldi r22,lo8(2)
 707 0264 8F2D      		mov r24,r15
 708 0266 0E94 0000 		call _xmem_start
 709               	.LVL60:
  69:xmem/xmem.c   **** 		for(i = 0; ; ++i)
 710               		.loc 1 69 3 view .LVU134
  70:xmem/xmem.c   **** 		{
 711               		.loc 1 70 3 view .LVU135
  67:xmem/xmem.c   **** 		/* srand(SEED); */
 712               		.loc 1 67 3 is_stmt 0 view .LVU136
 713 026a 0FB6      		in __tmp_reg__,__SREG__
 714 026c F894      		cli
 715 026e DEBF      		out __SP_H__,r29
 716 0270 0FBE      		out __SREG__,__tmp_reg__
 717 0272 CDBF      		out __SP_L__,r28
  70:xmem/xmem.c   **** 		{
 718               		.loc 1 70 9 view .LVU137
 719 0274 412C      		mov r4,__zero_reg__
 720 0276 512C      		mov r5,__zero_reg__
 721 0278 3201      		movw r6,r4
  69:xmem/xmem.c   **** 		for(i = 0; ; ++i)
 722               		.loc 1 69 5 view .LVU138
 723 027a 1AEA      		ldi r17,lo8(-86)
 724               	.LVL61:
 725               	.L16:
  72:xmem/xmem.c   **** 			if(i % OUTPUT_INTERVAL == 0)
 726               		.loc 1 72 4 is_stmt 1 view .LVU139
  72:xmem/xmem.c   **** 			if(i % OUTPUT_INTERVAL == 0)
 727               		.loc 1 72 6 is_stmt 0 view .LVU140
 728 027c 1095      		com r17
 729               	.LVL62:
  73:xmem/xmem.c   **** 			{
 730               		.loc 1 73 4 is_stmt 1 view .LVU141
  73:xmem/xmem.c   **** 			{
 731               		.loc 1 73 9 is_stmt 0 view .LVU142
 732 027e D301      		movw r26,r6
 733 0280 C201      		movw r24,r4
 734 0282 9F71      		andi r25,31
 735 0284 AA27      		clr r26
 736 0286 BB27      		clr r27
  73:xmem/xmem.c   **** 			{
 737               		.loc 1 73 6 view .LVU143
 738 0288 892B      		or r24,r25
 739 028a 8A2B      		or r24,r26
 740 028c 8B2B      		or r24,r27
 741 028e 01F4      		brne .L14
  75:xmem/xmem.c   **** 			}
 742               		.loc 1 75 5 is_stmt 1 view .LVU144
 743               	.LBE33:
  75:xmem/xmem.c   **** 			}
 744               		.loc 1 75 25 view .LVU145
  75:xmem/xmem.c   **** 			}
 745               		.loc 1 75 25 view .LVU146
 746               	.LBB34:
  75:xmem/xmem.c   **** 			}
 747               		.loc 1 75 5 is_stmt 0 view .LVU147
 748 0290 7F92      		push r7
 749 0292 6F92      		push r6
 750 0294 5F92      		push r5
 751 0296 4F92      		push r4
 752 0298 BF92      		push r11
 753 029a AF92      		push r10
 754 029c 97E0      		ldi r25,lo8(7)
 755 029e 9F93      		push r25
 756 02a0 0E94 0000 		call log_boot_P
 757               	.LVL63:
 758 02a4 0FB6      		in __tmp_reg__,__SREG__
 759 02a6 F894      		cli
 760 02a8 DEBF      		out __SP_H__,r29
 761 02aa 0FBE      		out __SREG__,__tmp_reg__
 762 02ac CDBF      		out __SP_L__,r28
 763               	.L14:
  78:xmem/xmem.c   **** 			{
 764               		.loc 1 78 4 is_stmt 1 view .LVU148
  78:xmem/xmem.c   **** 			{
 765               		.loc 1 78 6 is_stmt 0 view .LVU149
 766 02ae 4114      		cp r4,__zero_reg__
 767 02b0 5104      		cpc r5,__zero_reg__
 768 02b2 32E0      		ldi r19,2
 769 02b4 6306      		cpc r6,r19
 770 02b6 7104      		cpc r7,__zero_reg__
 771 02b8 01F0      		breq .L15
  83:xmem/xmem.c   **** 		}
 772               		.loc 1 83 4 is_stmt 1 view .LVU150
 773 02ba 812F      		mov r24,r17
 774 02bc 0E94 0000 		call spi_xchg
 775               	.LVL64:
  70:xmem/xmem.c   **** 		{
 776               		.loc 1 70 16 view .LVU151
 777 02c0 8FEF      		ldi r24,-1
 778 02c2 481A      		sub r4,r24
 779 02c4 580A      		sbc r5,r24
 780 02c6 680A      		sbc r6,r24
 781 02c8 780A      		sbc r7,r24
 782               	.LVL65:
  70:xmem/xmem.c   **** 		{
 783               		.loc 1 70 3 view .LVU152
  72:xmem/xmem.c   **** 			if(i % OUTPUT_INTERVAL == 0)
 784               		.loc 1 72 6 is_stmt 0 view .LVU153
 785 02ca 00C0      		rjmp .L16
 786               	.L15:
  86:xmem/xmem.c   **** 
 787               		.loc 1 86 3 is_stmt 1 view .LVU154
 788 02cc 85B1      		in r24,0x5
 789 02ce 9101      		movw r18,r2
 790 02d0 00C0      		rjmp 2f
 791               		1:
 792 02d2 220F      		lsl r18
 793 02d4 331F      		rol r19
 794               		2:
 795 02d6 0A95      		dec r16
 796 02d8 02F4      		brpl 1b
 797 02da 8901      		movw r16,r18
 798 02dc 2983      		std Y+1,r18
 799 02de 822B      		or r24,r18
 800 02e0 85B9      		out 0x5,r24
  89:xmem/xmem.c   **** 		_xmem_start(bank, SRAM_COMMAND_READ, 0);
 801               		.loc 1 89 3 view .LVU155
 802               	.LBE34:
  89:xmem/xmem.c   **** 		_xmem_start(bank, SRAM_COMMAND_READ, 0);
 803               		.loc 1 89 24 view .LVU156
  89:xmem/xmem.c   **** 		_xmem_start(bank, SRAM_COMMAND_READ, 0);
 804               		.loc 1 89 24 view .LVU157
 805               	.LBB35:
  89:xmem/xmem.c   **** 		_xmem_start(bank, SRAM_COMMAND_READ, 0);
 806               		.loc 1 89 3 is_stmt 0 view .LVU158
 807 02e2 9F92      		push r9
 808 02e4 8F92      		push r8
 809 02e6 1F92      		push __zero_reg__
 810 02e8 0E94 0000 		call log_boot_P
 811               	.LVL66:
  90:xmem/xmem.c   **** 		/* srand(SEED); */
 812               		.loc 1 90 3 is_stmt 1 view .LVU159
 813 02ec 20E0      		ldi r18,0
 814 02ee 30E0      		ldi r19,0
 815 02f0 A901      		movw r20,r18
 816 02f2 63E0      		ldi r22,lo8(3)
 817 02f4 8F2D      		mov r24,r15
 818 02f6 0E94 0000 		call _xmem_start
 819               	.LVL67:
  92:xmem/xmem.c   **** 		for(i = 0; ; ++i)
 820               		.loc 1 92 3 view .LVU160
  93:xmem/xmem.c   **** 		{
 821               		.loc 1 93 3 view .LVU161
  90:xmem/xmem.c   **** 		/* srand(SEED); */
 822               		.loc 1 90 3 is_stmt 0 view .LVU162
 823 02fa 0F90      		pop __tmp_reg__
 824 02fc 0F90      		pop __tmp_reg__
 825 02fe 0F90      		pop __tmp_reg__
  93:xmem/xmem.c   **** 		{
 826               		.loc 1 93 9 view .LVU163
 827 0300 412C      		mov r4,__zero_reg__
 828 0302 512C      		mov r5,__zero_reg__
 829 0304 3201      		movw r6,r4
  92:xmem/xmem.c   **** 		for(i = 0; ; ++i)
 830               		.loc 1 92 5 view .LVU164
 831 0306 8AEA      		ldi r24,lo8(-86)
 832 0308 F82E      		mov r15,r24
 833               	.LVL68:
 834               	.L20:
  95:xmem/xmem.c   **** 			if(i % OUTPUT_INTERVAL == 0)
 835               		.loc 1 95 4 is_stmt 1 view .LVU165
  95:xmem/xmem.c   **** 			if(i % OUTPUT_INTERVAL == 0)
 836               		.loc 1 95 6 is_stmt 0 view .LVU166
 837 030a F094      		com r15
 838               	.LVL69:
  96:xmem/xmem.c   **** 			{
 839               		.loc 1 96 4 is_stmt 1 view .LVU167
  96:xmem/xmem.c   **** 			{
 840               		.loc 1 96 9 is_stmt 0 view .LVU168
 841 030c D301      		movw r26,r6
 842 030e C201      		movw r24,r4
 843 0310 9F71      		andi r25,31
 844 0312 AA27      		clr r26
 845 0314 BB27      		clr r27
  96:xmem/xmem.c   **** 			{
 846               		.loc 1 96 6 view .LVU169
 847 0316 892B      		or r24,r25
 848 0318 8A2B      		or r24,r26
 849 031a 8B2B      		or r24,r27
 850 031c 01F4      		brne .L17
  98:xmem/xmem.c   **** 			}
 851               		.loc 1 98 5 is_stmt 1 view .LVU170
 852               	.LBE35:
  98:xmem/xmem.c   **** 			}
 853               		.loc 1 98 25 view .LVU171
  98:xmem/xmem.c   **** 			}
 854               		.loc 1 98 25 view .LVU172
 855               	.LBB36:
  98:xmem/xmem.c   **** 			}
 856               		.loc 1 98 5 is_stmt 0 view .LVU173
 857 031e 7F92      		push r7
 858 0320 6F92      		push r6
 859 0322 5F92      		push r5
 860 0324 4F92      		push r4
 861 0326 80E0      		ldi r24,lo8(__c.1)
 862 0328 90E0      		ldi r25,hi8(__c.1)
 863 032a 9F93      		push r25
 864 032c 8F93      		push r24
 865 032e 37E0      		ldi r19,lo8(7)
 866 0330 3F93      		push r19
 867 0332 0E94 0000 		call log_boot_P
 868               	.LVL70:
 869 0336 0FB6      		in __tmp_reg__,__SREG__
 870 0338 F894      		cli
 871 033a DEBF      		out __SP_H__,r29
 872 033c 0FBE      		out __SREG__,__tmp_reg__
 873 033e CDBF      		out __SP_L__,r28
 874               	.L17:
 101:xmem/xmem.c   **** 			{
 875               		.loc 1 101 4 is_stmt 1 view .LVU174
 101:xmem/xmem.c   **** 			{
 876               		.loc 1 101 6 is_stmt 0 view .LVU175
 877 0340 4114      		cp r4,__zero_reg__
 878 0342 5104      		cpc r5,__zero_reg__
 879 0344 92E0      		ldi r25,2
 880 0346 6906      		cpc r6,r25
 881 0348 7104      		cpc r7,__zero_reg__
 882 034a 01F0      		breq .L18
 106:xmem/xmem.c   **** 			if(w != v)
 883               		.loc 1 106 4 is_stmt 1 view .LVU176
 106:xmem/xmem.c   **** 			if(w != v)
 884               		.loc 1 106 8 is_stmt 0 view .LVU177
 885 034c 8FEF      		ldi r24,lo8(-1)
 886 034e 0E94 0000 		call spi_xchg
 887               	.LVL71:
 107:xmem/xmem.c   **** 			{
 888               		.loc 1 107 4 is_stmt 1 view .LVU178
 107:xmem/xmem.c   **** 			{
 889               		.loc 1 107 6 is_stmt 0 view .LVU179
 890 0352 F816      		cp r15,r24
 891 0354 01F0      		breq .L19
 109:xmem/xmem.c   **** 				panic(PSTR(
 892               		.loc 1 109 5 is_stmt 1 view .LVU180
 893 0356 95B1      		in r25,0x5
 894 0358 2981      		ldd r18,Y+1
 895 035a 922B      		or r25,r18
 896 035c 95B9      		out 0x5,r25
 110:xmem/xmem.c   **** 					"Memory test failed at address 0x%06lX\n"
 897               		.loc 1 110 5 view .LVU181
 898               	.LBE36:
 110:xmem/xmem.c   **** 					"Memory test failed at address 0x%06lX\n"
 899               		.loc 1 110 11 view .LVU182
 110:xmem/xmem.c   **** 					"Memory test failed at address 0x%06lX\n"
 900               		.loc 1 110 11 view .LVU183
 901               	.LBB37:
 110:xmem/xmem.c   **** 					"Memory test failed at address 0x%06lX\n"
 902               		.loc 1 110 5 is_stmt 0 view .LVU184
 903 035e 1F92      		push __zero_reg__
 904 0360 FF92      		push r15
 905 0362 1F92      		push __zero_reg__
 906 0364 8F93      		push r24
 907 0366 7F92      		push r7
 908 0368 6F92      		push r6
 909 036a 5F92      		push r5
 910 036c 4F92      		push r4
 911 036e DF92      		push r13
 912 0370 CF92      		push r12
 913 0372 0E94 0000 		call panic
 914               	.LVL72:
 110:xmem/xmem.c   **** 					"Memory test failed at address 0x%06lX\n"
 915               		.loc 1 110 5 view .LVU185
 916 0376 0FB6      		in __tmp_reg__,__SREG__
 917 0378 F894      		cli
 918 037a DEBF      		out __SP_H__,r29
 919 037c 0FBE      		out __SREG__,__tmp_reg__
 920 037e CDBF      		out __SP_L__,r28
 921               	.L19:
  93:xmem/xmem.c   **** 		{
 922               		.loc 1 93 16 is_stmt 1 view .LVU186
 923 0380 9FEF      		ldi r25,-1
 924 0382 491A      		sub r4,r25
 925 0384 590A      		sbc r5,r25
 926 0386 690A      		sbc r6,r25
 927 0388 790A      		sbc r7,r25
 928               	.LVL73:
  93:xmem/xmem.c   **** 		{
 929               		.loc 1 93 3 view .LVU187
  95:xmem/xmem.c   **** 			if(i % OUTPUT_INTERVAL == 0)
 930               		.loc 1 95 6 is_stmt 0 view .LVU188
 931 038a 00C0      		rjmp .L20
 932               	.LVL74:
 933               	.L18:
 117:xmem/xmem.c   **** 	}
 934               		.loc 1 117 3 is_stmt 1 view .LVU189
 935 038c 85B1      		in r24,0x5
 936 038e 802B      		or r24,r16
 937 0390 85B9      		out 0x5,r24
  61:xmem/xmem.c   **** 	{
 938               		.loc 1 61 35 view .LVU190
 939               	.LVL75:
  61:xmem/xmem.c   **** 	{
 940               		.loc 1 61 21 view .LVU191
 941 0392 2A81      		ldd r18,Y+2
 942 0394 3B81      		ldd r19,Y+3
 943 0396 2330      		cpi r18,3
 944 0398 3105      		cpc r19,__zero_reg__
 945 039a 01F0      		breq .+2
 946 039c 00C0      		rjmp .L21
 947               	/* epilogue start */
 948               	.LBE37:
 949               	.LBE29:
 214:xmem/xmem.c   **** }
 950               		.loc 1 214 1 is_stmt 0 view .LVU192
 951 039e 0F90      		pop __tmp_reg__
 952 03a0 0F90      		pop __tmp_reg__
 953 03a2 0F90      		pop __tmp_reg__
 954 03a4 DF91      		pop r29
 955 03a6 CF91      		pop r28
 956 03a8 1F91      		pop r17
 957 03aa 0F91      		pop r16
 958 03ac FF90      		pop r15
 959               	.LVL76:
 960               		.loc 1 214 1 view .LVU193
 961 03ae DF90      		pop r13
 962 03b0 CF90      		pop r12
 963 03b2 BF90      		pop r11
 964 03b4 AF90      		pop r10
 965 03b6 9F90      		pop r9
 966 03b8 8F90      		pop r8
 967 03ba 7F90      		pop r7
 968 03bc 6F90      		pop r6
 969 03be 5F90      		pop r5
 970 03c0 4F90      		pop r4
 971               	.LVL77:
 972               		.loc 1 214 1 view .LVU194
 973 03c2 3F90      		pop r3
 974 03c4 2F90      		pop r2
 975 03c6 0895      		ret
 976               		.cfi_endproc
 977               	.LFE15:
 979               	.global	xmem_read
 981               	xmem_read:
 982               	.LVL78:
 983               	.LFB16:
 215:xmem/xmem.c   **** 
 216:xmem/xmem.c   **** void xmem_read(u32 addr, void *data, u16 size)
 217:xmem/xmem.c   **** {
 984               		.loc 1 217 1 is_stmt 1 view -0
 985               		.cfi_startproc
 986               		.loc 1 217 1 is_stmt 0 view .LVU196
 987 03c8 DF92      		push r13
 988               		.cfi_def_cfa_offset 3
 989               		.cfi_offset 13, -2
 990 03ca EF92      		push r14
 991               		.cfi_def_cfa_offset 4
 992               		.cfi_offset 14, -3
 993 03cc FF92      		push r15
 994               		.cfi_def_cfa_offset 5
 995               		.cfi_offset 15, -4
 996 03ce 0F93      		push r16
 997               		.cfi_def_cfa_offset 6
 998               		.cfi_offset 16, -5
 999 03d0 1F93      		push r17
 1000               		.cfi_def_cfa_offset 7
 1001               		.cfi_offset 17, -6
 1002 03d2 CF93      		push r28
 1003               		.cfi_def_cfa_offset 8
 1004               		.cfi_offset 28, -7
 1005 03d4 DF93      		push r29
 1006               		.cfi_def_cfa_offset 9
 1007               		.cfi_offset 29, -8
 1008 03d6 CDB7      		in r28,__SP_L__
 1009 03d8 DEB7      		in r29,__SP_H__
 1010               		.cfi_def_cfa_register 28
 1011 03da 2897      		sbiw r28,8
 1012               		.cfi_def_cfa_offset 17
 1013 03dc 0FB6      		in __tmp_reg__,__SREG__
 1014 03de F894      		cli
 1015 03e0 DEBF      		out __SP_H__,r29
 1016 03e2 0FBE      		out __SREG__,__tmp_reg__
 1017 03e4 CDBF      		out __SP_L__,r28
 1018               	/* prologue: function */
 1019               	/* frame size = 8 */
 1020               	/* stack size = 15 */
 1021               	.L__stack_usage = 15
 1022 03e6 8A01      		movw r16,r20
 1023 03e8 A901      		movw r20,r18
 1024               	.LVL79:
 218:xmem/xmem.c   **** 	AddrHelper h;
 1025               		.loc 1 218 2 is_stmt 1 view .LVU197
 219:xmem/xmem.c   **** 	_xmem_overlap(addr, size, &h);
 1026               		.loc 1 219 2 view .LVU198
 1027 03ea 9E01      		movw r18,r28
 1028               	.LVL80:
 1029               		.loc 1 219 2 is_stmt 0 view .LVU199
 1030 03ec 2F5F      		subi r18,-1
 1031 03ee 3F4F      		sbci r19,-1
 1032 03f0 0E94 0000 		call _xmem_overlap
 1033               	.LVL81:
 220:xmem/xmem.c   **** 	_xmem_read(h.BankFirst, h.AddrFirst, data, h.SizeFirst);
 1034               		.loc 1 220 2 is_stmt 1 view .LVU200
 1035 03f4 ED80      		ldd r14,Y+5
 1036 03f6 FE80      		ldd r15,Y+6
 1037 03f8 D980      		ldd r13,Y+1
 1038 03fa 6B81      		ldd r22,Y+3
 1039 03fc 7C81      		ldd r23,Y+4
 1040 03fe 9701      		movw r18,r14
 1041 0400 A801      		movw r20,r16
 1042 0402 8D2D      		mov r24,r13
 1043 0404 0E94 0000 		call _xmem_read
 1044               	.LVL82:
 221:xmem/xmem.c   **** 	if(h.BankSecond != h.BankFirst)
 1045               		.loc 1 221 2 view .LVU201
 1046               		.loc 1 221 6 is_stmt 0 view .LVU202
 1047 0408 8A81      		ldd r24,Y+2
 1048               		.loc 1 221 4 view .LVU203
 1049 040a D816      		cp r13,r24
 1050 040c 01F0      		breq .L23
 222:xmem/xmem.c   **** 	{
 223:xmem/xmem.c   **** 		_xmem_read(h.BankSecond, 0, (u8 *)data + h.SizeFirst, h.SizeSecond);
 1051               		.loc 1 223 3 is_stmt 1 view .LVU204
 1052 040e 2F81      		ldd r18,Y+7
 1053 0410 3885      		ldd r19,Y+8
 1054 0412 A801      		movw r20,r16
 1055 0414 4E0D      		add r20,r14
 1056 0416 5F1D      		adc r21,r15
 1057 0418 60E0      		ldi r22,0
 1058 041a 70E0      		ldi r23,0
 1059               	/* epilogue start */
 224:xmem/xmem.c   **** 	}
 225:xmem/xmem.c   **** }
 1060               		.loc 1 225 1 is_stmt 0 view .LVU205
 1061 041c 2896      		adiw r28,8
 1062 041e 0FB6      		in __tmp_reg__,__SREG__
 1063 0420 F894      		cli
 1064 0422 DEBF      		out __SP_H__,r29
 1065 0424 0FBE      		out __SREG__,__tmp_reg__
 1066 0426 CDBF      		out __SP_L__,r28
 1067 0428 DF91      		pop r29
 1068 042a CF91      		pop r28
 1069 042c 1F91      		pop r17
 1070 042e 0F91      		pop r16
 1071               	.LVL83:
 1072               		.loc 1 225 1 view .LVU206
 1073 0430 FF90      		pop r15
 1074 0432 EF90      		pop r14
 1075 0434 DF90      		pop r13
 223:xmem/xmem.c   **** 	}
 1076               		.loc 1 223 3 view .LVU207
 1077 0436 0C94 0000 		jmp _xmem_read
 1078               	.LVL84:
 1079               	.L23:
 1080               	/* epilogue start */
 1081               		.loc 1 225 1 view .LVU208
 1082 043a 2896      		adiw r28,8
 1083 043c 0FB6      		in __tmp_reg__,__SREG__
 1084 043e F894      		cli
 1085 0440 DEBF      		out __SP_H__,r29
 1086 0442 0FBE      		out __SREG__,__tmp_reg__
 1087 0444 CDBF      		out __SP_L__,r28
 1088 0446 DF91      		pop r29
 1089 0448 CF91      		pop r28
 1090 044a 1F91      		pop r17
 1091 044c 0F91      		pop r16
 1092               	.LVL85:
 1093               		.loc 1 225 1 view .LVU209
 1094 044e FF90      		pop r15
 1095 0450 EF90      		pop r14
 1096 0452 DF90      		pop r13
 1097 0454 0895      		ret
 1098               		.cfi_endproc
 1099               	.LFE16:
 1101               	.global	xmem_write
 1103               	xmem_write:
 1104               	.LVL86:
 1105               	.LFB17:
 226:xmem/xmem.c   **** 
 227:xmem/xmem.c   **** void xmem_write(u32 addr, const void *data, u16 size)
 228:xmem/xmem.c   **** {
 1106               		.loc 1 228 1 is_stmt 1 view -0
 1107               		.cfi_startproc
 1108               		.loc 1 228 1 is_stmt 0 view .LVU211
 1109 0456 DF92      		push r13
 1110               		.cfi_def_cfa_offset 3
 1111               		.cfi_offset 13, -2
 1112 0458 EF92      		push r14
 1113               		.cfi_def_cfa_offset 4
 1114               		.cfi_offset 14, -3
 1115 045a FF92      		push r15
 1116               		.cfi_def_cfa_offset 5
 1117               		.cfi_offset 15, -4
 1118 045c 0F93      		push r16
 1119               		.cfi_def_cfa_offset 6
 1120               		.cfi_offset 16, -5
 1121 045e 1F93      		push r17
 1122               		.cfi_def_cfa_offset 7
 1123               		.cfi_offset 17, -6
 1124 0460 CF93      		push r28
 1125               		.cfi_def_cfa_offset 8
 1126               		.cfi_offset 28, -7
 1127 0462 DF93      		push r29
 1128               		.cfi_def_cfa_offset 9
 1129               		.cfi_offset 29, -8
 1130 0464 CDB7      		in r28,__SP_L__
 1131 0466 DEB7      		in r29,__SP_H__
 1132               		.cfi_def_cfa_register 28
 1133 0468 2897      		sbiw r28,8
 1134               		.cfi_def_cfa_offset 17
 1135 046a 0FB6      		in __tmp_reg__,__SREG__
 1136 046c F894      		cli
 1137 046e DEBF      		out __SP_H__,r29
 1138 0470 0FBE      		out __SREG__,__tmp_reg__
 1139 0472 CDBF      		out __SP_L__,r28
 1140               	/* prologue: function */
 1141               	/* frame size = 8 */
 1142               	/* stack size = 15 */
 1143               	.L__stack_usage = 15
 1144 0474 8A01      		movw r16,r20
 1145 0476 A901      		movw r20,r18
 1146               	.LVL87:
 229:xmem/xmem.c   **** 	AddrHelper h;
 1147               		.loc 1 229 2 is_stmt 1 view .LVU212
 230:xmem/xmem.c   **** 	_xmem_overlap(addr, size, &h);
 1148               		.loc 1 230 2 view .LVU213
 1149 0478 9E01      		movw r18,r28
 1150               	.LVL88:
 1151               		.loc 1 230 2 is_stmt 0 view .LVU214
 1152 047a 2F5F      		subi r18,-1
 1153 047c 3F4F      		sbci r19,-1
 1154 047e 0E94 0000 		call _xmem_overlap
 1155               	.LVL89:
 231:xmem/xmem.c   **** 	_xmem_write(h.BankFirst, h.AddrFirst, data, h.SizeFirst);
 1156               		.loc 1 231 2 is_stmt 1 view .LVU215
 1157 0482 ED80      		ldd r14,Y+5
 1158 0484 FE80      		ldd r15,Y+6
 1159 0486 D980      		ldd r13,Y+1
 1160 0488 6B81      		ldd r22,Y+3
 1161 048a 7C81      		ldd r23,Y+4
 1162 048c 9701      		movw r18,r14
 1163 048e A801      		movw r20,r16
 1164 0490 8D2D      		mov r24,r13
 1165 0492 0E94 0000 		call _xmem_write
 1166               	.LVL90:
 232:xmem/xmem.c   **** 	if(h.BankSecond != h.BankFirst)
 1167               		.loc 1 232 2 view .LVU216
 1168               		.loc 1 232 6 is_stmt 0 view .LVU217
 1169 0496 8A81      		ldd r24,Y+2
 1170               		.loc 1 232 4 view .LVU218
 1171 0498 D816      		cp r13,r24
 1172 049a 01F0      		breq .L25
 233:xmem/xmem.c   **** 	{
 234:xmem/xmem.c   **** 		_xmem_write(h.BankSecond, 0, (const u8 *)data + h.SizeFirst,
 1173               		.loc 1 234 3 is_stmt 1 view .LVU219
 1174 049c 2F81      		ldd r18,Y+7
 1175 049e 3885      		ldd r19,Y+8
 1176 04a0 A801      		movw r20,r16
 1177 04a2 4E0D      		add r20,r14
 1178 04a4 5F1D      		adc r21,r15
 1179 04a6 60E0      		ldi r22,0
 1180 04a8 70E0      		ldi r23,0
 1181               	/* epilogue start */
 235:xmem/xmem.c   **** 			h.SizeSecond);
 236:xmem/xmem.c   **** 	}
 237:xmem/xmem.c   **** }
 1182               		.loc 1 237 1 is_stmt 0 view .LVU220
 1183 04aa 2896      		adiw r28,8
 1184 04ac 0FB6      		in __tmp_reg__,__SREG__
 1185 04ae F894      		cli
 1186 04b0 DEBF      		out __SP_H__,r29
 1187 04b2 0FBE      		out __SREG__,__tmp_reg__
 1188 04b4 CDBF      		out __SP_L__,r28
 1189 04b6 DF91      		pop r29
 1190 04b8 CF91      		pop r28
 1191 04ba 1F91      		pop r17
 1192 04bc 0F91      		pop r16
 1193               	.LVL91:
 1194               		.loc 1 237 1 view .LVU221
 1195 04be FF90      		pop r15
 1196 04c0 EF90      		pop r14
 1197 04c2 DF90      		pop r13
 234:xmem/xmem.c   **** 			h.SizeSecond);
 1198               		.loc 1 234 3 view .LVU222
 1199 04c4 0C94 0000 		jmp _xmem_write
 1200               	.LVL92:
 1201               	.L25:
 1202               	/* epilogue start */
 1203               		.loc 1 237 1 view .LVU223
 1204 04c8 2896      		adiw r28,8
 1205 04ca 0FB6      		in __tmp_reg__,__SREG__
 1206 04cc F894      		cli
 1207 04ce DEBF      		out __SP_H__,r29
 1208 04d0 0FBE      		out __SREG__,__tmp_reg__
 1209 04d2 CDBF      		out __SP_L__,r28
 1210 04d4 DF91      		pop r29
 1211 04d6 CF91      		pop r28
 1212 04d8 1F91      		pop r17
 1213 04da 0F91      		pop r16
 1214               	.LVL93:
 1215               		.loc 1 237 1 view .LVU224
 1216 04dc FF90      		pop r15
 1217 04de EF90      		pop r14
 1218 04e0 DF90      		pop r13
 1219 04e2 0895      		ret
 1220               		.cfi_endproc
 1221               	.LFE17:
 1223               	.global	xmem_set
 1225               	xmem_set:
 1226               	.LVL94:
 1227               	.LFB18:
 238:xmem/xmem.c   **** 
 239:xmem/xmem.c   **** void xmem_set(u32 addr, u8 value, u16 size)
 240:xmem/xmem.c   **** {
 1228               		.loc 1 240 1 is_stmt 1 view -0
 1229               		.cfi_startproc
 1230               		.loc 1 240 1 is_stmt 0 view .LVU226
 1231 04e4 0F93      		push r16
 1232               		.cfi_def_cfa_offset 3
 1233               		.cfi_offset 16, -2
 1234 04e6 1F93      		push r17
 1235               		.cfi_def_cfa_offset 4
 1236               		.cfi_offset 17, -3
 1237 04e8 CF93      		push r28
 1238               		.cfi_def_cfa_offset 5
 1239               		.cfi_offset 28, -4
 1240 04ea DF93      		push r29
 1241               		.cfi_def_cfa_offset 6
 1242               		.cfi_offset 29, -5
 1243 04ec CDB7      		in r28,__SP_L__
 1244 04ee DEB7      		in r29,__SP_H__
 1245               		.cfi_def_cfa_register 28
 1246 04f0 2897      		sbiw r28,8
 1247               		.cfi_def_cfa_offset 14
 1248 04f2 0FB6      		in __tmp_reg__,__SREG__
 1249 04f4 F894      		cli
 1250 04f6 DEBF      		out __SP_H__,r29
 1251 04f8 0FBE      		out __SREG__,__tmp_reg__
 1252 04fa CDBF      		out __SP_L__,r28
 1253               	/* prologue: function */
 1254               	/* frame size = 8 */
 1255               	/* stack size = 12 */
 1256               	.L__stack_usage = 12
 1257 04fc 142F      		mov r17,r20
 1258 04fe A901      		movw r20,r18
 1259               	.LVL95:
 241:xmem/xmem.c   **** 	AddrHelper h;
 1260               		.loc 1 241 2 is_stmt 1 view .LVU227
 242:xmem/xmem.c   **** 	_xmem_overlap(addr, size, &h);
 1261               		.loc 1 242 2 view .LVU228
 1262 0500 9E01      		movw r18,r28
 1263               	.LVL96:
 1264               		.loc 1 242 2 is_stmt 0 view .LVU229
 1265 0502 2F5F      		subi r18,-1
 1266 0504 3F4F      		sbci r19,-1
 1267 0506 0E94 0000 		call _xmem_overlap
 1268               	.LVL97:
 243:xmem/xmem.c   **** 	_xmem_set(h.BankFirst, h.AddrFirst, value, h.SizeFirst);
 1269               		.loc 1 243 2 is_stmt 1 view .LVU230
 1270 050a 0981      		ldd r16,Y+1
 1271 050c 2D81      		ldd r18,Y+5
 1272 050e 3E81      		ldd r19,Y+6
 1273 0510 6B81      		ldd r22,Y+3
 1274 0512 7C81      		ldd r23,Y+4
 1275 0514 412F      		mov r20,r17
 1276 0516 802F      		mov r24,r16
 1277 0518 0E94 0000 		call _xmem_set
 1278               	.LVL98:
 244:xmem/xmem.c   **** 	if(h.BankSecond != h.BankFirst)
 1279               		.loc 1 244 2 view .LVU231
 1280               		.loc 1 244 6 is_stmt 0 view .LVU232
 1281 051c 8A81      		ldd r24,Y+2
 1282               		.loc 1 244 4 view .LVU233
 1283 051e 0817      		cp r16,r24
 1284 0520 01F0      		breq .L27
 245:xmem/xmem.c   **** 	{
 246:xmem/xmem.c   **** 		_xmem_set(h.BankSecond, 0, value, h.SizeSecond);
 1285               		.loc 1 246 3 is_stmt 1 view .LVU234
 1286 0522 2F81      		ldd r18,Y+7
 1287 0524 3885      		ldd r19,Y+8
 1288 0526 412F      		mov r20,r17
 1289 0528 60E0      		ldi r22,0
 1290 052a 70E0      		ldi r23,0
 1291               	/* epilogue start */
 247:xmem/xmem.c   **** 	}
 248:xmem/xmem.c   **** }
 1292               		.loc 1 248 1 is_stmt 0 view .LVU235
 1293 052c 2896      		adiw r28,8
 1294 052e 0FB6      		in __tmp_reg__,__SREG__
 1295 0530 F894      		cli
 1296 0532 DEBF      		out __SP_H__,r29
 1297 0534 0FBE      		out __SREG__,__tmp_reg__
 1298 0536 CDBF      		out __SP_L__,r28
 1299 0538 DF91      		pop r29
 1300 053a CF91      		pop r28
 1301 053c 1F91      		pop r17
 1302               	.LVL99:
 1303               		.loc 1 248 1 view .LVU236
 1304 053e 0F91      		pop r16
 246:xmem/xmem.c   **** 	}
 1305               		.loc 1 246 3 view .LVU237
 1306 0540 0C94 0000 		jmp _xmem_set
 1307               	.LVL100:
 1308               	.L27:
 1309               	/* epilogue start */
 1310               		.loc 1 248 1 view .LVU238
 1311 0544 2896      		adiw r28,8
 1312 0546 0FB6      		in __tmp_reg__,__SREG__
 1313 0548 F894      		cli
 1314 054a DEBF      		out __SP_H__,r29
 1315 054c 0FBE      		out __SREG__,__tmp_reg__
 1316 054e CDBF      		out __SP_L__,r28
 1317 0550 DF91      		pop r29
 1318 0552 CF91      		pop r28
 1319 0554 1F91      		pop r17
 1320               	.LVL101:
 1321               		.loc 1 248 1 view .LVU239
 1322 0556 0F91      		pop r16
 1323 0558 0895      		ret
 1324               		.cfi_endproc
 1325               	.LFE18:
 1327               		.section	.progmem.data,"a",@progbits
 1330               	__c.0:
 1331 0000 4D65 6D6F 		.string	"Memory test failed at address 0x%06lX\n         [0x%02X != 0x%02X]"
 1331      7279 2074 
 1331      6573 7420 
 1331      6661 696C 
 1331      6564 2061 
 1334               	__c.1:
 1335 0042 3078 2530 		.string	"0x%06lX"
 1335      366C 5800 
 1338               	__c.2:
 1339 004a 5665 7269 		.string	"Verifying pattern"
 1339      6679 696E 
 1339      6720 7061 
 1339      7474 6572 
 1339      6E00 
 1342               	__c.3:
 1343 005c 3078 2530 		.string	"0x%06lX"
 1343      366C 5800 
 1346               	__c.4:
 1347 0064 5772 6974 		.string	"Writing pattern"
 1347      696E 6720 
 1347      7061 7474 
 1347      6572 6E00 
 1350               	__c.5:
 1351 0074 5465 7374 		.string	"Testing memory bank [%02d]"
 1351      696E 6720 
 1351      6D65 6D6F 
 1351      7279 2062 
 1351      616E 6B20 
 1354               	__c.6:
 1355 008f 5374 6172 		.string	"Starting complete memory test"
 1355      7469 6E67 
 1355      2063 6F6D 
 1355      706C 6574 
 1355      6520 6D65 
 1358               	__c.7:
 1359 00ad 4578 7465 		.string	"External memory driver initialized"
 1359      726E 616C 
 1359      206D 656D 
 1359      6F72 7920 
 1359      6472 6976 
 1360               		.text
 1361               	.Letext0:
 1362               		.file 2 "/usr/lib/gcc/avr/12.2.0/include/stdint-gcc.h"
 1363               		.file 3 "../../types/types.h"
 1364               		.file 4 "logger/logger.h"
 1365               		.file 5 "spi/spi.h"
DEFINED SYMBOLS
                            *ABS*:00000000 xmem.c
     /tmp/ccWpAF9v.s:2      *ABS*:0000003e __SP_H__
     /tmp/ccWpAF9v.s:3      *ABS*:0000003d __SP_L__
     /tmp/ccWpAF9v.s:4      *ABS*:0000003f __SREG__
     /tmp/ccWpAF9v.s:5      *ABS*:00000000 __tmp_reg__
     /tmp/ccWpAF9v.s:6      *ABS*:00000001 __zero_reg__
     /tmp/ccWpAF9v.s:12     .text:00000000 _xmem_overlap
     /tmp/ccWpAF9v.s:16     .text:00000000 .Loc.0
     /tmp/ccWpAF9v.s:17     .text:00000000 L0
     /tmp/ccWpAF9v.s:18     .text:00000000 .Loc.1
     /tmp/ccWpAF9v.s:45     .text:00000014 .Loc.2
     /tmp/ccWpAF9v.s:46     .text:00000014 .Loc.3
     /tmp/ccWpAF9v.s:50     .text:00000014 .Loc.4
     /tmp/ccWpAF9v.s:52     .text:00000014 .Loc.5
     /tmp/ccWpAF9v.s:53     .text:00000014 .Loc.6
     /tmp/ccWpAF9v.s:57     .text:00000018 .Loc.7
     /tmp/ccWpAF9v.s:62     .text:0000001c .Loc.8
     /tmp/ccWpAF9v.s:65     .text:00000020 .Loc.9
     /tmp/ccWpAF9v.s:66     .text:00000020 .Loc.10
     /tmp/ccWpAF9v.s:74     .text:0000002c .Loc.11
     /tmp/ccWpAF9v.s:77     .text:0000002c .Loc.12
     /tmp/ccWpAF9v.s:79     .text:0000002c .Loc.13
     /tmp/ccWpAF9v.s:80     .text:0000002c .Loc.14
     /tmp/ccWpAF9v.s:90     .text:0000003a .Loc.15
     /tmp/ccWpAF9v.s:93     .text:0000003a .Loc.16
     /tmp/ccWpAF9v.s:95     .text:0000003c .Loc.17
     /tmp/ccWpAF9v.s:99     .text:0000003c .Loc.18
     /tmp/ccWpAF9v.s:101    .text:0000003c .Loc.19
     /tmp/ccWpAF9v.s:102    .text:0000003c .Loc.20
     /tmp/ccWpAF9v.s:114    .text:0000004e .Loc.21
     /tmp/ccWpAF9v.s:117    .text:0000004e .Loc.22
     /tmp/ccWpAF9v.s:119    .text:00000050 .Loc.23
     /tmp/ccWpAF9v.s:120    .text:00000050 .Loc.24
     /tmp/ccWpAF9v.s:123    .text:00000054 .Loc.25
     /tmp/ccWpAF9v.s:127    .text:00000054 .Loc.26
     /tmp/ccWpAF9v.s:129    .text:00000054 .Loc.27
     /tmp/ccWpAF9v.s:130    .text:00000054 .Loc.28
     /tmp/ccWpAF9v.s:134    .text:00000058 .Loc.29
     /tmp/ccWpAF9v.s:137    .text:00000058 .Loc.30
     /tmp/ccWpAF9v.s:140    .text:0000005c .Loc.31
     /tmp/ccWpAF9v.s:141    .text:0000005c .Loc.32
     /tmp/ccWpAF9v.s:146    .text:00000060 .Loc.33
     /tmp/ccWpAF9v.s:150    .text:00000064 .Loc.34
     /tmp/ccWpAF9v.s:158    .text:00000072 L0
     /tmp/ccWpAF9v.s:162    .text:00000072 _xmem_start
     /tmp/ccWpAF9v.s:165    .text:00000072 .Loc.35
     /tmp/ccWpAF9v.s:166    .text:00000072 L0
     /tmp/ccWpAF9v.s:167    .text:00000072 .Loc.36
     /tmp/ccWpAF9v.s:179    .text:00000078 .Loc.37
     /tmp/ccWpAF9v.s:192    .text:0000008c .Loc.38
     /tmp/ccWpAF9v.s:195    .text:0000008e .Loc.39
     /tmp/ccWpAF9v.s:198    .text:00000092 .Loc.40
     /tmp/ccWpAF9v.s:202    .text:00000098 .Loc.41
     /tmp/ccWpAF9v.s:206    .text:0000009e .Loc.42
     /tmp/ccWpAF9v.s:209    .text:000000a0 .Loc.43
     /tmp/ccWpAF9v.s:212    .text:000000a4 .Loc.44
     /tmp/ccWpAF9v.s:215    .text:000000a8 L0
     /tmp/ccWpAF9v.s:219    .text:000000a8 _xmem_read
     /tmp/ccWpAF9v.s:222    .text:000000a8 .Loc.45
     /tmp/ccWpAF9v.s:223    .text:000000a8 L0
     /tmp/ccWpAF9v.s:224    .text:000000a8 .Loc.46
     /tmp/ccWpAF9v.s:254    .text:000000be .Loc.47
     /tmp/ccWpAF9v.s:255    .text:000000be .Loc.48
     /tmp/ccWpAF9v.s:257    .text:000000be .Loc.49
     /tmp/ccWpAF9v.s:260    .text:000000c0 .Loc.50
     /tmp/ccWpAF9v.s:264    .text:000000c4 .Loc.51
     /tmp/ccWpAF9v.s:267    .text:000000c6 .Loc.52
     /tmp/ccWpAF9v.s:270    .text:000000ca .Loc.53
     /tmp/ccWpAF9v.s:271    .text:000000ca .Loc.54
     /tmp/ccWpAF9v.s:278    .text:000000d2 .Loc.55
     /tmp/ccWpAF9v.s:282    .text:000000d8 .Loc.56
     /tmp/ccWpAF9v.s:295    .text:000000ea .Loc.57
     /tmp/ccWpAF9v.s:299    .text:000000ee .Loc.58
     /tmp/ccWpAF9v.s:304    .text:000000f4 .Loc.59
     /tmp/ccWpAF9v.s:310    .text:000000fa .Loc.60
     /tmp/ccWpAF9v.s:311    .text:000000fa .Loc.61
     /tmp/ccWpAF9v.s:315    .text:00000100 .Loc.62
     /tmp/ccWpAF9v.s:318    .text:00000102 .Loc.63
     /tmp/ccWpAF9v.s:319    .text:00000102 .Loc.64
     /tmp/ccWpAF9v.s:321    .text:00000104 L0
     /tmp/ccWpAF9v.s:325    .text:00000104 _xmem_write
     /tmp/ccWpAF9v.s:328    .text:00000104 .Loc.65
     /tmp/ccWpAF9v.s:329    .text:00000104 L0
     /tmp/ccWpAF9v.s:330    .text:00000104 .Loc.66
     /tmp/ccWpAF9v.s:360    .text:0000011a .Loc.67
     /tmp/ccWpAF9v.s:361    .text:0000011a .Loc.68
     /tmp/ccWpAF9v.s:363    .text:0000011a .Loc.69
     /tmp/ccWpAF9v.s:366    .text:0000011c .Loc.70
     /tmp/ccWpAF9v.s:370    .text:00000120 .Loc.71
     /tmp/ccWpAF9v.s:373    .text:00000122 .Loc.72
     /tmp/ccWpAF9v.s:376    .text:00000126 .Loc.73
     /tmp/ccWpAF9v.s:377    .text:00000126 .Loc.74
     /tmp/ccWpAF9v.s:384    .text:0000012e .Loc.75
     /tmp/ccWpAF9v.s:388    .text:00000134 .Loc.76
     /tmp/ccWpAF9v.s:401    .text:00000146 .Loc.77
     /tmp/ccWpAF9v.s:405    .text:0000014a .Loc.78
     /tmp/ccWpAF9v.s:410    .text:00000150 .Loc.79
     /tmp/ccWpAF9v.s:416    .text:00000156 .Loc.80
     /tmp/ccWpAF9v.s:419    .text:00000158 .Loc.81
     /tmp/ccWpAF9v.s:422    .text:0000015c .Loc.82
     /tmp/ccWpAF9v.s:423    .text:0000015c .Loc.83
     /tmp/ccWpAF9v.s:425    .text:0000015e L0
     /tmp/ccWpAF9v.s:429    .text:0000015e _xmem_set
     /tmp/ccWpAF9v.s:432    .text:0000015e .Loc.84
     /tmp/ccWpAF9v.s:433    .text:0000015e L0
     /tmp/ccWpAF9v.s:434    .text:0000015e .Loc.85
     /tmp/ccWpAF9v.s:460    .text:00000170 .Loc.86
     /tmp/ccWpAF9v.s:461    .text:00000170 .Loc.87
     /tmp/ccWpAF9v.s:464    .text:00000172 .Loc.88
     /tmp/ccWpAF9v.s:468    .text:00000176 .Loc.89
     /tmp/ccWpAF9v.s:471    .text:00000178 .Loc.90
     /tmp/ccWpAF9v.s:474    .text:0000017c .Loc.91
     /tmp/ccWpAF9v.s:475    .text:0000017c .Loc.92
     /tmp/ccWpAF9v.s:480    .text:00000180 .Loc.93
     /tmp/ccWpAF9v.s:484    .text:00000186 .Loc.94
     /tmp/ccWpAF9v.s:497    .text:00000198 .Loc.95
     /tmp/ccWpAF9v.s:500    .text:0000019a .Loc.96
     /tmp/ccWpAF9v.s:503    .text:0000019c .Loc.97
     /tmp/ccWpAF9v.s:507    .text:000001a0 .Loc.98
     /tmp/ccWpAF9v.s:511    .text:000001a4 .Loc.99
     /tmp/ccWpAF9v.s:515    .text:000001a6 .Loc.100
     /tmp/ccWpAF9v.s:519    .text:000001ac .Loc.101
     /tmp/ccWpAF9v.s:524    .text:000001b2 .Loc.102
     /tmp/ccWpAF9v.s:526    .text:000001b4 L0
     /tmp/ccWpAF9v.s:531    .text:000001b4 xmem_init
     /tmp/ccWpAF9v.s:533    .text:000001b4 .Loc.103
     /tmp/ccWpAF9v.s:534    .text:000001b4 L0
     /tmp/ccWpAF9v.s:586    .text:000001d8 L0
     /tmp/ccWpAF9v.s:596    .text:000001de .Loc.104
     /tmp/ccWpAF9v.s:598    .text:000001de .Loc.105
     /tmp/ccWpAF9v.s:599    .text:000001de .Loc.106
     /tmp/ccWpAF9v.s:601    .text:000001de .Loc.107
     /tmp/ccWpAF9v.s:1358   .progmem.data:000000ad __c.7
     /tmp/ccWpAF9v.s:609    .text:000001ec .Loc.108
     /tmp/ccWpAF9v.s:612    .text:000001ec .Loc.109
     /tmp/ccWpAF9v.s:614    .text:000001ec .Loc.110
     /tmp/ccWpAF9v.s:615    .text:000001ec .Loc.111
     /tmp/ccWpAF9v.s:616    .text:000001ec .Loc.112
     /tmp/ccWpAF9v.s:618    .text:000001ec .Loc.113
     /tmp/ccWpAF9v.s:619    .text:000001ec .Loc.114
     /tmp/ccWpAF9v.s:621    .text:000001ec .Loc.115
     /tmp/ccWpAF9v.s:1354   .progmem.data:0000008f __c.6
     /tmp/ccWpAF9v.s:629    .text:000001fa .Loc.116
     /tmp/ccWpAF9v.s:632    .text:000001fe .Loc.117
     /tmp/ccWpAF9v.s:633    .text:000001fe .Loc.118
     /tmp/ccWpAF9v.s:634    .text:000001fe .Loc.119
     /tmp/ccWpAF9v.s:643    .text:0000020e .Loc.120
     /tmp/ccWpAF9v.s:1342   .progmem.data:0000005c __c.3
     /tmp/ccWpAF9v.s:648    .text:00000216 .Loc.121
     /tmp/ccWpAF9v.s:652    .text:0000021c .Loc.122
     /tmp/ccWpAF9v.s:1338   .progmem.data:0000004a __c.2
     /tmp/ccWpAF9v.s:657    .text:00000224 .Loc.123
     /tmp/ccWpAF9v.s:1330   .progmem.data:00000000 __c.0
     /tmp/ccWpAF9v.s:664    .text:0000022c .Loc.124
     /tmp/ccWpAF9v.s:667    .text:0000022e .Loc.125
     /tmp/ccWpAF9v.s:676    .text:0000023c .Loc.126
     /tmp/ccWpAF9v.s:677    .text:0000023c .Loc.127
     /tmp/ccWpAF9v.s:679    .text:0000023c .Loc.128
     /tmp/ccWpAF9v.s:1350   .progmem.data:00000074 __c.5
     /tmp/ccWpAF9v.s:689    .text:0000024e .Loc.129
     /tmp/ccWpAF9v.s:691    .text:0000024e .Loc.130
     /tmp/ccWpAF9v.s:692    .text:0000024e .Loc.131
     /tmp/ccWpAF9v.s:694    .text:0000024e .Loc.132
     /tmp/ccWpAF9v.s:1346   .progmem.data:00000064 __c.4
     /tmp/ccWpAF9v.s:702    .text:0000025c .Loc.133
     /tmp/ccWpAF9v.s:710    .text:0000026a .Loc.134
     /tmp/ccWpAF9v.s:711    .text:0000026a .Loc.135
     /tmp/ccWpAF9v.s:712    .text:0000026a .Loc.136
     /tmp/ccWpAF9v.s:718    .text:00000274 .Loc.137
     /tmp/ccWpAF9v.s:722    .text:0000027a .Loc.138
     /tmp/ccWpAF9v.s:726    .text:0000027c .Loc.139
     /tmp/ccWpAF9v.s:727    .text:0000027c .Loc.140
     /tmp/ccWpAF9v.s:730    .text:0000027e .Loc.141
     /tmp/ccWpAF9v.s:731    .text:0000027e .Loc.142
     /tmp/ccWpAF9v.s:737    .text:00000288 .Loc.143
     /tmp/ccWpAF9v.s:742    .text:00000290 .Loc.144
     /tmp/ccWpAF9v.s:744    .text:00000290 .Loc.145
     /tmp/ccWpAF9v.s:745    .text:00000290 .Loc.146
     /tmp/ccWpAF9v.s:747    .text:00000290 .Loc.147
     /tmp/ccWpAF9v.s:764    .text:000002ae .Loc.148
     /tmp/ccWpAF9v.s:765    .text:000002ae .Loc.149
     /tmp/ccWpAF9v.s:772    .text:000002ba .Loc.150
     /tmp/ccWpAF9v.s:776    .text:000002c0 .Loc.151
     /tmp/ccWpAF9v.s:783    .text:000002ca .Loc.152
     /tmp/ccWpAF9v.s:784    .text:000002ca .Loc.153
     /tmp/ccWpAF9v.s:787    .text:000002cc .Loc.154
     /tmp/ccWpAF9v.s:801    .text:000002e2 .Loc.155
     /tmp/ccWpAF9v.s:803    .text:000002e2 .Loc.156
     /tmp/ccWpAF9v.s:804    .text:000002e2 .Loc.157
     /tmp/ccWpAF9v.s:806    .text:000002e2 .Loc.158
     /tmp/ccWpAF9v.s:812    .text:000002ec .Loc.159
     /tmp/ccWpAF9v.s:820    .text:000002fa .Loc.160
     /tmp/ccWpAF9v.s:821    .text:000002fa .Loc.161
     /tmp/ccWpAF9v.s:822    .text:000002fa .Loc.162
     /tmp/ccWpAF9v.s:826    .text:00000300 .Loc.163
     /tmp/ccWpAF9v.s:830    .text:00000306 .Loc.164
     /tmp/ccWpAF9v.s:835    .text:0000030a .Loc.165
     /tmp/ccWpAF9v.s:836    .text:0000030a .Loc.166
     /tmp/ccWpAF9v.s:839    .text:0000030c .Loc.167
     /tmp/ccWpAF9v.s:840    .text:0000030c .Loc.168
     /tmp/ccWpAF9v.s:846    .text:00000316 .Loc.169
     /tmp/ccWpAF9v.s:851    .text:0000031e .Loc.170
     /tmp/ccWpAF9v.s:853    .text:0000031e .Loc.171
     /tmp/ccWpAF9v.s:854    .text:0000031e .Loc.172
     /tmp/ccWpAF9v.s:856    .text:0000031e .Loc.173
     /tmp/ccWpAF9v.s:1334   .progmem.data:00000042 __c.1
     /tmp/ccWpAF9v.s:875    .text:00000340 .Loc.174
     /tmp/ccWpAF9v.s:876    .text:00000340 .Loc.175
     /tmp/ccWpAF9v.s:883    .text:0000034c .Loc.176
     /tmp/ccWpAF9v.s:884    .text:0000034c .Loc.177
     /tmp/ccWpAF9v.s:888    .text:00000352 .Loc.178
     /tmp/ccWpAF9v.s:889    .text:00000352 .Loc.179
     /tmp/ccWpAF9v.s:892    .text:00000356 .Loc.180
     /tmp/ccWpAF9v.s:897    .text:0000035e .Loc.181
     /tmp/ccWpAF9v.s:899    .text:0000035e .Loc.182
     /tmp/ccWpAF9v.s:900    .text:0000035e .Loc.183
     /tmp/ccWpAF9v.s:902    .text:0000035e .Loc.184
     /tmp/ccWpAF9v.s:915    .text:00000376 .Loc.185
     /tmp/ccWpAF9v.s:922    .text:00000380 .Loc.186
     /tmp/ccWpAF9v.s:929    .text:0000038a .Loc.187
     /tmp/ccWpAF9v.s:930    .text:0000038a .Loc.188
     /tmp/ccWpAF9v.s:934    .text:0000038c .Loc.189
     /tmp/ccWpAF9v.s:938    .text:00000392 .Loc.190
     /tmp/ccWpAF9v.s:940    .text:00000392 .Loc.191
     /tmp/ccWpAF9v.s:945    .text:0000039c L0
     /tmp/ccWpAF9v.s:950    .text:0000039e .Loc.192
     /tmp/ccWpAF9v.s:960    .text:000003ae .Loc.193
     /tmp/ccWpAF9v.s:972    .text:000003c2 .Loc.194
     /tmp/ccWpAF9v.s:976    .text:000003c8 L0
     /tmp/ccWpAF9v.s:981    .text:000003c8 xmem_read
     /tmp/ccWpAF9v.s:984    .text:000003c8 .Loc.195
     /tmp/ccWpAF9v.s:985    .text:000003c8 L0
     /tmp/ccWpAF9v.s:986    .text:000003c8 .Loc.196
     /tmp/ccWpAF9v.s:1025   .text:000003ea .Loc.197
     /tmp/ccWpAF9v.s:1026   .text:000003ea .Loc.198
     /tmp/ccWpAF9v.s:1029   .text:000003ec .Loc.199
     /tmp/ccWpAF9v.s:1034   .text:000003f4 .Loc.200
     /tmp/ccWpAF9v.s:1045   .text:00000408 .Loc.201
     /tmp/ccWpAF9v.s:1046   .text:00000408 .Loc.202
     /tmp/ccWpAF9v.s:1048   .text:0000040a .Loc.203
     /tmp/ccWpAF9v.s:1051   .text:0000040e .Loc.204
     /tmp/ccWpAF9v.s:1060   .text:0000041c .Loc.205
     /tmp/ccWpAF9v.s:1072   .text:00000430 .Loc.206
     /tmp/ccWpAF9v.s:1076   .text:00000436 .Loc.207
     /tmp/ccWpAF9v.s:1081   .text:0000043a .Loc.208
     /tmp/ccWpAF9v.s:1093   .text:0000044e .Loc.209
     /tmp/ccWpAF9v.s:1098   .text:00000456 L0
     /tmp/ccWpAF9v.s:1103   .text:00000456 xmem_write
     /tmp/ccWpAF9v.s:1106   .text:00000456 .Loc.210
     /tmp/ccWpAF9v.s:1107   .text:00000456 L0
     /tmp/ccWpAF9v.s:1108   .text:00000456 .Loc.211
     /tmp/ccWpAF9v.s:1147   .text:00000478 .Loc.212
     /tmp/ccWpAF9v.s:1148   .text:00000478 .Loc.213
     /tmp/ccWpAF9v.s:1151   .text:0000047a .Loc.214
     /tmp/ccWpAF9v.s:1156   .text:00000482 .Loc.215
     /tmp/ccWpAF9v.s:1167   .text:00000496 .Loc.216
     /tmp/ccWpAF9v.s:1168   .text:00000496 .Loc.217
     /tmp/ccWpAF9v.s:1170   .text:00000498 .Loc.218
     /tmp/ccWpAF9v.s:1173   .text:0000049c .Loc.219
     /tmp/ccWpAF9v.s:1182   .text:000004aa .Loc.220
     /tmp/ccWpAF9v.s:1194   .text:000004be .Loc.221
     /tmp/ccWpAF9v.s:1198   .text:000004c4 .Loc.222
     /tmp/ccWpAF9v.s:1203   .text:000004c8 .Loc.223
     /tmp/ccWpAF9v.s:1215   .text:000004dc .Loc.224
     /tmp/ccWpAF9v.s:1220   .text:000004e4 L0
     /tmp/ccWpAF9v.s:1225   .text:000004e4 xmem_set
     /tmp/ccWpAF9v.s:1228   .text:000004e4 .Loc.225
     /tmp/ccWpAF9v.s:1229   .text:000004e4 L0
     /tmp/ccWpAF9v.s:1230   .text:000004e4 .Loc.226
     /tmp/ccWpAF9v.s:1260   .text:00000500 .Loc.227
     /tmp/ccWpAF9v.s:1261   .text:00000500 .Loc.228
     /tmp/ccWpAF9v.s:1264   .text:00000502 .Loc.229
     /tmp/ccWpAF9v.s:1269   .text:0000050a .Loc.230
     /tmp/ccWpAF9v.s:1279   .text:0000051c .Loc.231
     /tmp/ccWpAF9v.s:1280   .text:0000051c .Loc.232
     /tmp/ccWpAF9v.s:1282   .text:0000051e .Loc.233
     /tmp/ccWpAF9v.s:1285   .text:00000522 .Loc.234
     /tmp/ccWpAF9v.s:1292   .text:0000052c .Loc.235
     /tmp/ccWpAF9v.s:1303   .text:0000053e .Loc.236
     /tmp/ccWpAF9v.s:1305   .text:00000540 .Loc.237
     /tmp/ccWpAF9v.s:1310   .text:00000544 .Loc.238
     /tmp/ccWpAF9v.s:1321   .text:00000556 .Loc.239
     /tmp/ccWpAF9v.s:1324   .text:0000055a L0
     /tmp/ccWpAF9v.s:1366   .text:0000055a L0
                     .debug_frame:00000000 L0
     /tmp/ccWpAF9v.s:82     .text:0000002e .L11
     /tmp/ccWpAF9v.s:106    .text:00000042 .L12
     /tmp/ccWpAF9v.s:145    .text:00000060 .L2
     /tmp/ccWpAF9v.s:186    .text:00000082 .L21
     /tmp/ccWpAF9v.s:184    .text:00000080 .L13
     /tmp/ccWpAF9v.s:309    .text:000000fa .L6
     /tmp/ccWpAF9v.s:289    .text:000000e2 .L22
     /tmp/ccWpAF9v.s:287    .text:000000e0 .L14
     /tmp/ccWpAF9v.s:277    .text:000000d2 .L5
     /tmp/ccWpAF9v.s:415    .text:00000156 .L9
     /tmp/ccWpAF9v.s:395    .text:0000013e .L23
     /tmp/ccWpAF9v.s:393    .text:0000013c .L15
     /tmp/ccWpAF9v.s:383    .text:0000012e .L8
     /tmp/ccWpAF9v.s:514    .text:000001a6 .L12
     /tmp/ccWpAF9v.s:491    .text:00000190 .L24
     /tmp/ccWpAF9v.s:489    .text:0000018e .L16
     /tmp/ccWpAF9v.s:479    .text:00000180 .L11
     /tmp/ccWpAF9v.s:763    .text:000002ae .L14
     /tmp/ccWpAF9v.s:786    .text:000002cc .L15
     /tmp/ccWpAF9v.s:725    .text:0000027c .L16
     /tmp/ccWpAF9v.s:794    .text:000002d6 .L25
     /tmp/ccWpAF9v.s:791    .text:000002d2 .L17
     /tmp/ccWpAF9v.s:874    .text:00000340 .L17
     /tmp/ccWpAF9v.s:933    .text:0000038c .L18
     /tmp/ccWpAF9v.s:921    .text:00000380 .L19
     /tmp/ccWpAF9v.s:834    .text:0000030a .L20
     /tmp/ccWpAF9v.s:663    .text:0000022c .L21
     /tmp/ccWpAF9v.s:1079   .text:0000043a .L23
     /tmp/ccWpAF9v.s:1201   .text:000004c8 .L25
     /tmp/ccWpAF9v.s:1308   .text:00000544 .L27
     /tmp/ccWpAF9v.s:2686   .debug_abbrev:00000000 .Ldebug_abbrev0
     /tmp/ccWpAF9v.s:8      .text:00000000 .Ltext0
     /tmp/ccWpAF9v.s:1361   .text:0000055a .Letext0
     /tmp/ccWpAF9v.s:4819   .debug_line:00000000 .Ldebug_line0
     /tmp/ccWpAF9v.s:1227   .text:000004e4 .LFB18
     /tmp/ccWpAF9v.s:1325   .text:0000055a .LFE18
     /tmp/ccWpAF9v.s:3398   .debug_loclists:00000010 .LLST38
     /tmp/ccWpAF9v.s:3393   .debug_loclists:0000000c .LVUS38
     /tmp/ccWpAF9v.s:3437   .debug_loclists:00000039 .LLST39
     /tmp/ccWpAF9v.s:3424   .debug_loclists:0000002d .LVUS39
     /tmp/ccWpAF9v.s:3482   .debug_loclists:00000070 .LLST40
     /tmp/ccWpAF9v.s:3475   .debug_loclists:0000006a .LVUS40
     /tmp/ccWpAF9v.s:1268   .text:0000050a .LVL97
     /tmp/ccWpAF9v.s:1278   .text:0000051c .LVL98
     /tmp/ccWpAF9v.s:1307   .text:00000544 .LVL100
     /tmp/ccWpAF9v.s:1105   .text:00000456 .LFB17
     /tmp/ccWpAF9v.s:1221   .text:000004e4 .LFE17
     /tmp/ccWpAF9v.s:3517   .debug_loclists:00000097 .LLST35
     /tmp/ccWpAF9v.s:3512   .debug_loclists:00000093 .LVUS35
     /tmp/ccWpAF9v.s:3554   .debug_loclists:000000be .LLST36
     /tmp/ccWpAF9v.s:3543   .debug_loclists:000000b4 .LVUS36
     /tmp/ccWpAF9v.s:3609   .debug_loclists:000000fd .LLST37
     /tmp/ccWpAF9v.s:3602   .debug_loclists:000000f7 .LVUS37
     /tmp/ccWpAF9v.s:1155   .text:00000482 .LVL89
     /tmp/ccWpAF9v.s:1166   .text:00000496 .LVL90
     /tmp/ccWpAF9v.s:1200   .text:000004c8 .LVL92
     /tmp/ccWpAF9v.s:983    .text:000003c8 .LFB16
     /tmp/ccWpAF9v.s:1099   .text:00000456 .LFE16
     /tmp/ccWpAF9v.s:3644   .debug_loclists:00000124 .LLST32
     /tmp/ccWpAF9v.s:3639   .debug_loclists:00000120 .LVUS32
     /tmp/ccWpAF9v.s:3681   .debug_loclists:0000014b .LLST33
     /tmp/ccWpAF9v.s:3670   .debug_loclists:00000141 .LVUS33
     /tmp/ccWpAF9v.s:3736   .debug_loclists:0000018a .LLST34
     /tmp/ccWpAF9v.s:3729   .debug_loclists:00000184 .LVUS34
     /tmp/ccWpAF9v.s:1033   .text:000003f4 .LVL81
     /tmp/ccWpAF9v.s:1044   .text:00000408 .LVL82
     /tmp/ccWpAF9v.s:1078   .text:0000043a .LVL84
     /tmp/ccWpAF9v.s:532    .text:000001b4 .LFB15
     /tmp/ccWpAF9v.s:977    .text:000003c8 .LFE15
     /tmp/ccWpAF9v.s:597    .text:000001de .LBB28
     /tmp/ccWpAF9v.s:600    .text:000001de .LBE28
     /tmp/ccWpAF9v.s:611    .text:000001ec .LBI29
     /tmp/ccWpAF9v.s:610    .text:000001ec .LBB29
     /tmp/ccWpAF9v.s:949    .text:0000039e .LBE29
     /tmp/ccWpAF9v.s:4791   .debug_rnglists:0000000c .LLRL27
     /tmp/ccWpAF9v.s:3773   .debug_loclists:000001b3 .LLST28
     /tmp/ccWpAF9v.s:3766   .debug_loclists:000001ad .LVUS28
     /tmp/ccWpAF9v.s:3800   .debug_loclists:000001d2 .LLST29
     /tmp/ccWpAF9v.s:3797   .debug_loclists:000001d0 .LVUS29
     /tmp/ccWpAF9v.s:3816   .debug_loclists:000001e2 .LLST30
     /tmp/ccWpAF9v.s:3807   .debug_loclists:000001da .LVUS30
     /tmp/ccWpAF9v.s:3851   .debug_loclists:0000020b .LLST31
     /tmp/ccWpAF9v.s:3842   .debug_loclists:00000203 .LVUS31
     /tmp/ccWpAF9v.s:628    .text:000001fa .LVL54
     /tmp/ccWpAF9v.s:631    .text:000001fe .LVL55
     /tmp/ccWpAF9v.s:688    .text:0000024e .LVL58
     /tmp/ccWpAF9v.s:701    .text:0000025c .LVL59
     /tmp/ccWpAF9v.s:709    .text:0000026a .LVL60
     /tmp/ccWpAF9v.s:757    .text:000002a4 .LVL63
     /tmp/ccWpAF9v.s:775    .text:000002c0 .LVL64
     /tmp/ccWpAF9v.s:811    .text:000002ec .LVL66
     /tmp/ccWpAF9v.s:819    .text:000002fa .LVL67
     /tmp/ccWpAF9v.s:868    .text:00000336 .LVL70
     /tmp/ccWpAF9v.s:887    .text:00000352 .LVL71
     /tmp/ccWpAF9v.s:914    .text:00000376 .LVL72
     /tmp/ccWpAF9v.s:608    .text:000001ec .LVL53
     /tmp/ccWpAF9v.s:14     .text:00000000 .LFB14
     /tmp/ccWpAF9v.s:159    .text:00000072 .LFE14
     /tmp/ccWpAF9v.s:3904   .debug_loclists:00000246 .LLST0
     /tmp/ccWpAF9v.s:3897   .debug_loclists:00000240 .LVUS0
     /tmp/ccWpAF9v.s:3939   .debug_loclists:00000267 .LLST1
     /tmp/ccWpAF9v.s:3934   .debug_loclists:00000263 .LVUS1
     /tmp/ccWpAF9v.s:3964   .debug_loclists:0000027e .LLST2
     /tmp/ccWpAF9v.s:3961   .debug_loclists:0000027c .LVUS2
     /tmp/ccWpAF9v.s:49     .text:00000014 .LBI10
     /tmp/ccWpAF9v.s:48     .text:00000014 .LBB10
     /tmp/ccWpAF9v.s:61     .text:0000001c .LBE10
     /tmp/ccWpAF9v.s:3985   .debug_loclists:00000291 .LLST3
     /tmp/ccWpAF9v.s:3982   .debug_loclists:0000028f .LVUS3
     /tmp/ccWpAF9v.s:76     .text:0000002c .LBI12
     /tmp/ccWpAF9v.s:75     .text:0000002c .LBB12
     /tmp/ccWpAF9v.s:92     .text:0000003a .LBE12
     /tmp/ccWpAF9v.s:4006   .debug_loclists:000002a4 .LLST4
     /tmp/ccWpAF9v.s:4003   .debug_loclists:000002a2 .LVUS4
     /tmp/ccWpAF9v.s:98     .text:0000003c .LBI14
     /tmp/ccWpAF9v.s:97     .text:0000003c .LBB14
     /tmp/ccWpAF9v.s:116    .text:0000004e .LBE14
     /tmp/ccWpAF9v.s:4027   .debug_loclists:000002b7 .LLST5
     /tmp/ccWpAF9v.s:4024   .debug_loclists:000002b5 .LVUS5
     /tmp/ccWpAF9v.s:126    .text:00000054 .LBI16
     /tmp/ccWpAF9v.s:125    .text:00000054 .LBB16
     /tmp/ccWpAF9v.s:136    .text:00000058 .LBE16
     /tmp/ccWpAF9v.s:4048   .debug_loclists:000002ca .LLST6
     /tmp/ccWpAF9v.s:4045   .debug_loclists:000002c8 .LVUS6
     /tmp/ccWpAF9v.s:431    .text:0000015e .LFB11
     /tmp/ccWpAF9v.s:527    .text:000001b4 .LFE11
     /tmp/ccWpAF9v.s:4075   .debug_loclists:000002e3 .LLST22
     /tmp/ccWpAF9v.s:4066   .debug_loclists:000002db .LVUS22
     /tmp/ccWpAF9v.s:4107   .debug_loclists:00000309 .LLST23
     /tmp/ccWpAF9v.s:4100   .debug_loclists:00000303 .LVUS23
     /tmp/ccWpAF9v.s:4146   .debug_loclists:00000334 .LLST24
     /tmp/ccWpAF9v.s:4137   .debug_loclists:0000032c .LVUS24
     /tmp/ccWpAF9v.s:4180   .debug_loclists:0000035c .LLST25
     /tmp/ccWpAF9v.s:4171   .debug_loclists:00000354 .LVUS25
     /tmp/ccWpAF9v.s:4227   .debug_loclists:00000391 .LLST26
     /tmp/ccWpAF9v.s:4220   .debug_loclists:0000038b .LVUS26
     /tmp/ccWpAF9v.s:473    .text:0000017c .LVL44
     /tmp/ccWpAF9v.s:518    .text:000001ac .LVL51
     /tmp/ccWpAF9v.s:327    .text:00000104 .LFB10
     /tmp/ccWpAF9v.s:426    .text:0000015e .LFE10
     /tmp/ccWpAF9v.s:4264   .debug_loclists:000003ba .LLST16
     /tmp/ccWpAF9v.s:4255   .debug_loclists:000003b2 .LVUS16
     /tmp/ccWpAF9v.s:4296   .debug_loclists:000003e0 .LLST17
     /tmp/ccWpAF9v.s:4289   .debug_loclists:000003da .LVUS17
     /tmp/ccWpAF9v.s:4331   .debug_loclists:00000407 .LLST18
     /tmp/ccWpAF9v.s:4326   .debug_loclists:00000403 .LVUS18
     /tmp/ccWpAF9v.s:4358   .debug_loclists:00000424 .LLST19
     /tmp/ccWpAF9v.s:4351   .debug_loclists:0000041e .LVUS19
     /tmp/ccWpAF9v.s:4399   .debug_loclists:00000451 .LLST20
     /tmp/ccWpAF9v.s:4388   .debug_loclists:00000447 .LVUS20
     /tmp/ccWpAF9v.s:4457   .debug_loclists:00000493 .LLST21
     /tmp/ccWpAF9v.s:4452   .debug_loclists:0000048f .LVUS21
     /tmp/ccWpAF9v.s:375    .text:00000126 .LVL33
     /tmp/ccWpAF9v.s:421    .text:0000015c .LVL39
     /tmp/ccWpAF9v.s:221    .text:000000a8 .LFB9
     /tmp/ccWpAF9v.s:322    .text:00000104 .LFE9
     /tmp/ccWpAF9v.s:4486   .debug_loclists:000004b2 .LLST10
     /tmp/ccWpAF9v.s:4477   .debug_loclists:000004aa .LVUS10
     /tmp/ccWpAF9v.s:4518   .debug_loclists:000004d8 .LLST11
     /tmp/ccWpAF9v.s:4511   .debug_loclists:000004d2 .LVUS11
     /tmp/ccWpAF9v.s:4553   .debug_loclists:000004ff .LLST12
     /tmp/ccWpAF9v.s:4548   .debug_loclists:000004fb .LVUS12
     /tmp/ccWpAF9v.s:4580   .debug_loclists:0000051c .LLST13
     /tmp/ccWpAF9v.s:4573   .debug_loclists:00000516 .LVUS13
     /tmp/ccWpAF9v.s:4621   .debug_loclists:00000549 .LLST14
     /tmp/ccWpAF9v.s:4610   .debug_loclists:0000053f .LVUS14
     /tmp/ccWpAF9v.s:4679   .debug_loclists:0000058b .LLST15
     /tmp/ccWpAF9v.s:4674   .debug_loclists:00000587 .LVUS15
     /tmp/ccWpAF9v.s:269    .text:000000ca .LVL21
     /tmp/ccWpAF9v.s:314    .text:00000100 .LVL26
     /tmp/ccWpAF9v.s:164    .text:00000072 .LFB7
     /tmp/ccWpAF9v.s:216    .text:000000a8 .LFE7
     /tmp/ccWpAF9v.s:4704   .debug_loclists:000005a6 .LLST7
     /tmp/ccWpAF9v.s:4699   .debug_loclists:000005a2 .LVUS7
     /tmp/ccWpAF9v.s:4724   .debug_loclists:000005bb .LLST8
     /tmp/ccWpAF9v.s:4719   .debug_loclists:000005b7 .LVUS8
     /tmp/ccWpAF9v.s:4744   .debug_loclists:000005d0 .LLST9
     /tmp/ccWpAF9v.s:4739   .debug_loclists:000005cc .LVUS9
     /tmp/ccWpAF9v.s:197    .text:00000092 .LVL12
     /tmp/ccWpAF9v.s:201    .text:00000098 .LVL13
     /tmp/ccWpAF9v.s:205    .text:0000009e .LVL14
     /tmp/ccWpAF9v.s:214    .text:000000a8 .LVL15
     /tmp/ccWpAF9v.s:1367   .debug_info:00000000 .Ldebug_info0

UNDEFINED SYMBOLS
spi_xchg
log_boot_P
spi_fast
panic
