   1               		.file	"lcd.c"
   2               	__SP_H__ = 0x3e
   3               	__SP_L__ = 0x3d
   4               	__SREG__ = 0x3f
   5               	__tmp_reg__ = 0
   6               	__zero_reg__ = 1
   7               		.text
   8               	.Ltext0:
   9               		.cfi_sections	.debug_frame
  10               		.file 0 "/home/files/osdev/platform/avr" "lcd/lcd.c"
  11               	.global	lcd_init
  13               	lcd_init:
  14               	.LFB3:
  15               		.file 1 "lcd/lcd.c"
   1:lcd/lcd.c     **** /**
   2:lcd/lcd.c     ****  * @file    lcd.c
   3:lcd/lcd.c     ****  * @author  Anton Tchekov
   4:lcd/lcd.c     ****  * @version 0.2
   5:lcd/lcd.c     ****  * @date    17.05.2023
   6:lcd/lcd.c     ****  */
   7:lcd/lcd.c     **** 
   8:lcd/lcd.c     **** #include <lcd.h>
   9:lcd/lcd.c     **** #include <logger.h>
  10:lcd/lcd.c     **** #include <avr/pgmspace.h>
  11:lcd/lcd.c     **** 
  12:lcd/lcd.c     **** void lcd_init(void)
  13:lcd/lcd.c     **** {
  16               		.loc 1 13 1 view -0
  17               		.cfi_startproc
  18               	/* prologue: function */
  19               	/* frame size = 0 */
  20               	/* stack size = 0 */
  21               	.L__stack_usage = 0
  14:lcd/lcd.c     **** 	/* TODO: Initialize LCD */
  15:lcd/lcd.c     **** 	log_boot_P(PSTR("LCD driver initialized (not implemented)"));
  22               		.loc 1 15 2 view .LVU1
  23               	.LBB2:
  24               		.loc 1 15 13 view .LVU2
  25               		.loc 1 15 13 view .LVU3
  26               	.LBE2:
  27               		.loc 1 15 2 is_stmt 0 view .LVU4
  28 0000 80E0      		ldi r24,lo8(__c.0)
  29 0002 90E0      		ldi r25,hi8(__c.0)
  30 0004 9F93      		push r25
  31               		.cfi_def_cfa_offset 3
  32 0006 8F93      		push r24
  33               		.cfi_def_cfa_offset 4
  34 0008 0E94 0000 		call log_boot_P
  35               	.LVL0:
  16:lcd/lcd.c     **** }
  36               		.loc 1 16 1 view .LVU5
  37 000c 0F90      		pop __tmp_reg__
  38 000e 0F90      		pop __tmp_reg__
  39               		.cfi_def_cfa_offset 2
  40               	/* epilogue start */
  41 0010 0895      		ret
  42               		.cfi_endproc
  43               	.LFE3:
  45               		.section	.progmem.data,"a",@progbits
  48               	__c.0:
  49 0000 4C43 4420 		.string	"LCD driver initialized (not implemented)"
  49      6472 6976 
  49      6572 2069 
  49      6E69 7469 
  49      616C 697A 
  50               		.text
  51               	.Letext0:
  52               		.file 2 "logger/logger.h"
DEFINED SYMBOLS
                            *ABS*:00000000 lcd.c
     /tmp/cclfovOk.s:2      *ABS*:0000003e __SP_H__
     /tmp/cclfovOk.s:3      *ABS*:0000003d __SP_L__
     /tmp/cclfovOk.s:4      *ABS*:0000003f __SREG__
     /tmp/cclfovOk.s:5      *ABS*:00000000 __tmp_reg__
     /tmp/cclfovOk.s:6      *ABS*:00000001 __zero_reg__
     /tmp/cclfovOk.s:13     .text:00000000 lcd_init
     /tmp/cclfovOk.s:16     .text:00000000 .Loc.0
     /tmp/cclfovOk.s:17     .text:00000000 L0
     /tmp/cclfovOk.s:22     .text:00000000 .Loc.1
     /tmp/cclfovOk.s:24     .text:00000000 .Loc.2
     /tmp/cclfovOk.s:25     .text:00000000 .Loc.3
     /tmp/cclfovOk.s:27     .text:00000000 .Loc.4
     /tmp/cclfovOk.s:48     .progmem.data:00000000 __c.0
     /tmp/cclfovOk.s:36     .text:0000000c .Loc.5
     /tmp/cclfovOk.s:42     .text:00000012 L0
     /tmp/cclfovOk.s:53     .text:00000012 L0
                     .debug_frame:00000000 L0
     /tmp/cclfovOk.s:166    .debug_abbrev:00000000 .Ldebug_abbrev0
     /tmp/cclfovOk.s:8      .text:00000000 .Ltext0
     /tmp/cclfovOk.s:51     .text:00000012 .Letext0
     /tmp/cclfovOk.s:353    .debug_line:00000000 .Ldebug_line0
     /tmp/cclfovOk.s:14     .text:00000000 .LFB3
     /tmp/cclfovOk.s:43     .text:00000012 .LFE3
     /tmp/cclfovOk.s:23     .text:00000000 .LBB2
     /tmp/cclfovOk.s:26     .text:00000000 .LBE2
     /tmp/cclfovOk.s:35     .text:0000000c .LVL0
     /tmp/cclfovOk.s:54     .debug_info:00000000 .Ldebug_info0

UNDEFINED SYMBOLS
log_boot_P
