../../emulator/emulator.c:61:5:syscall_event_register	2	static
../../emulator/emulator.c:168:12:syscall_finish	2	static
../../emulator/emulator.c:195:5:syscall_keyboard_is_key_pressed	8	static
../../emulator/emulator.c:157:5:syscall_exit	2	static
../../emulator/emulator.c:189:5:syscall_rand	2	static
../../emulator/emulator.c:200:5:syscall_serial_write	146	static
../../emulator/emulator.c:175:12:syscall_millis	2	static
../../emulator/emulator.c:181:12:syscall_datetime_now	34	static
../../emulator/emulator.c:219:12:syscall_gfx_rect	24	dynamic,bounded
../../emulator/emulator.c:42:6:kernel_init	2	static
../../emulator/emulator.c:866:5:emulator_call	46	dynamic,bounded
../../emulator/emulator.c:47:6:process_setup	14	dynamic,bounded
../../emulator/emulator.c:52:6:os_update	14	dynamic,bounded
../../emulator/emulator.c:73:6:keyboard_event	33	dynamic,bounded
