   1               		.file	"adc.c"
   2               	__SP_H__ = 0x3e
   3               	__SP_L__ = 0x3d
   4               	__SREG__ = 0x3f
   5               	__tmp_reg__ = 0
   6               	__zero_reg__ = 1
   7               		.text
   8               	.Ltext0:
   9               		.cfi_sections	.debug_frame
  10               		.file 0 "/home/files/osdev/platform/avr" "adc/adc.c"
  11               	.global	adc_read
  13               	adc_read:
  14               	.LVL0:
  15               	.LFB4:
  16               		.file 1 "adc/adc.c"
   1:adc/adc.c     **** /**
   2:adc/adc.c     ****  * @file    adc.c
   3:adc/adc.c     ****  * @author  Tim Gabrikowski, Anton Tchekov
   4:adc/adc.c     ****  * @version 0.1
   5:adc/adc.c     ****  * @date    16.05.2023
   6:adc/adc.c     ****  */
   7:adc/adc.c     **** 
   8:adc/adc.c     **** #include <adc.h>
   9:adc/adc.c     **** #include <logger.h>
  10:adc/adc.c     **** #include <avr/io.h>
  11:adc/adc.c     **** #include <avr/pgmspace.h>
  12:adc/adc.c     **** 
  13:adc/adc.c     **** void adc_init(void)
  14:adc/adc.c     **** {
  15:adc/adc.c     **** 	ADMUX = (1 << REFS0);
  16:adc/adc.c     **** 	ADCSRA = (1 << ADPS1) | (1 << ADPS0);
  17:adc/adc.c     **** 	ADCSRA |= (1 << ADEN);
  18:adc/adc.c     **** 	adc_read(ADC_CHANNEL_NOISE);
  19:adc/adc.c     **** 	log_boot_P(LOG_INIT, PSTR("ADC initialized"));
  20:adc/adc.c     **** }
  21:adc/adc.c     **** 
  22:adc/adc.c     **** u16 adc_read(u8 channel)
  23:adc/adc.c     **** {
  17               		.loc 1 23 1 view -0
  18               		.cfi_startproc
  19               	/* prologue: function */
  20               	/* frame size = 0 */
  21               	/* stack size = 0 */
  22               	.L__stack_usage = 0
  24:adc/adc.c     **** 	ADMUX = (ADMUX & ~(0x1F)) | (channel & 0x1F);
  23               		.loc 1 24 2 view .LVU1
  24               		.loc 1 24 11 is_stmt 0 view .LVU2
  25 0000 9091 7C00 		lds r25,124
  26 0004 907E      		andi r25,lo8(-32)
  27 0006 8F71      		andi r24,lo8(31)
  28               	.LVL1:
  29               		.loc 1 24 11 view .LVU3
  30 0008 982B      		or r25,r24
  31               		.loc 1 24 8 view .LVU4
  32 000a 9093 7C00 		sts 124,r25
  25:adc/adc.c     **** 	ADCSRA |= (1 << ADSC);
  33               		.loc 1 25 2 is_stmt 1 view .LVU5
  34 000e 8091 7A00 		lds r24,122
  35               		.loc 1 25 9 is_stmt 0 view .LVU6
  36 0012 8064      		ori r24,lo8(64)
  37 0014 8093 7A00 		sts 122,r24
  26:adc/adc.c     **** 	while (ADCSRA & (1 << ADSC)) {}
  38               		.loc 1 26 2 is_stmt 1 view .LVU7
  39               	.L2:
  40               		.loc 1 26 32 discriminator 1 view .LVU8
  41               		.loc 1 26 9 discriminator 1 view .LVU9
  42 0018 8091 7A00 		lds r24,122
  43 001c 86FD      		sbrc r24,6
  44 001e 00C0      		rjmp .L2
  27:adc/adc.c     **** 	return ADCW;
  45               		.loc 1 27 2 view .LVU10
  46               		.loc 1 27 9 is_stmt 0 view .LVU11
  47 0020 8091 7800 		lds r24,120
  48 0024 9091 7900 		lds r25,120+1
  49               	/* epilogue start */
  28:adc/adc.c     **** }
  50               		.loc 1 28 1 view .LVU12
  51 0028 0895      		ret
  52               		.cfi_endproc
  53               	.LFE4:
  55               	.global	adc_init
  57               	adc_init:
  58               	.LFB3:
  14:adc/adc.c     **** 	ADMUX = (1 << REFS0);
  59               		.loc 1 14 1 is_stmt 1 view -0
  60               		.cfi_startproc
  61               	/* prologue: function */
  62               	/* frame size = 0 */
  63               	/* stack size = 0 */
  64               	.L__stack_usage = 0
  15:adc/adc.c     **** 	ADCSRA = (1 << ADPS1) | (1 << ADPS0);
  65               		.loc 1 15 2 view .LVU14
  15:adc/adc.c     **** 	ADCSRA = (1 << ADPS1) | (1 << ADPS0);
  66               		.loc 1 15 8 is_stmt 0 view .LVU15
  67 002a 80E4      		ldi r24,lo8(64)
  68 002c 8093 7C00 		sts 124,r24
  16:adc/adc.c     **** 	ADCSRA |= (1 << ADEN);
  69               		.loc 1 16 2 is_stmt 1 view .LVU16
  16:adc/adc.c     **** 	ADCSRA |= (1 << ADEN);
  70               		.loc 1 16 9 is_stmt 0 view .LVU17
  71 0030 EAE7      		ldi r30,lo8(122)
  72 0032 F0E0      		ldi r31,0
  73 0034 83E0      		ldi r24,lo8(3)
  74 0036 8083      		st Z,r24
  17:adc/adc.c     **** 	adc_read(ADC_CHANNEL_NOISE);
  75               		.loc 1 17 2 is_stmt 1 view .LVU18
  76 0038 8081      		ld r24,Z
  17:adc/adc.c     **** 	adc_read(ADC_CHANNEL_NOISE);
  77               		.loc 1 17 9 is_stmt 0 view .LVU19
  78 003a 8068      		ori r24,lo8(-128)
  79 003c 8083      		st Z,r24
  18:adc/adc.c     **** 	log_boot_P(LOG_INIT, PSTR("ADC initialized"));
  80               		.loc 1 18 2 is_stmt 1 view .LVU20
  81 003e 85E0      		ldi r24,lo8(5)
  82 0040 0E94 0000 		call adc_read
  83               	.LVL2:
  19:adc/adc.c     **** }
  84               		.loc 1 19 2 view .LVU21
  85               	.LBB2:
  19:adc/adc.c     **** }
  86               		.loc 1 19 23 view .LVU22
  19:adc/adc.c     **** }
  87               		.loc 1 19 23 view .LVU23
  88               	.LBE2:
  19:adc/adc.c     **** }
  89               		.loc 1 19 2 is_stmt 0 view .LVU24
  90 0044 80E0      		ldi r24,lo8(__c.0)
  91 0046 90E0      		ldi r25,hi8(__c.0)
  92 0048 9F93      		push r25
  93               		.cfi_def_cfa_offset 3
  94 004a 8F93      		push r24
  95               		.cfi_def_cfa_offset 4
  96 004c 1F92      		push __zero_reg__
  97               		.cfi_def_cfa_offset 5
  98 004e 0E94 0000 		call log_boot_P
  99               	.LVL3:
  20:adc/adc.c     **** 
 100               		.loc 1 20 1 view .LVU25
 101 0052 0F90      		pop __tmp_reg__
 102 0054 0F90      		pop __tmp_reg__
 103 0056 0F90      		pop __tmp_reg__
 104               		.cfi_def_cfa_offset 2
 105               	/* epilogue start */
 106 0058 0895      		ret
 107               		.cfi_endproc
 108               	.LFE3:
 110               		.section	.progmem.data,"a",@progbits
 113               	__c.0:
 114 0000 4144 4320 		.string	"ADC initialized"
 114      696E 6974 
 114      6961 6C69 
 114      7A65 6400 
 115               		.text
 116               	.Letext0:
 117               		.file 2 "/usr/lib/gcc/avr/12.2.0/include/stdint-gcc.h"
 118               		.file 3 "../../types/types.h"
 119               		.file 4 "logger/logger.h"
DEFINED SYMBOLS
                            *ABS*:00000000 adc.c
     /tmp/ccDaHF8o.s:2      *ABS*:0000003e __SP_H__
     /tmp/ccDaHF8o.s:3      *ABS*:0000003d __SP_L__
     /tmp/ccDaHF8o.s:4      *ABS*:0000003f __SREG__
     /tmp/ccDaHF8o.s:5      *ABS*:00000000 __tmp_reg__
     /tmp/ccDaHF8o.s:6      *ABS*:00000001 __zero_reg__
     /tmp/ccDaHF8o.s:13     .text:00000000 adc_read
     /tmp/ccDaHF8o.s:17     .text:00000000 .Loc.0
     /tmp/ccDaHF8o.s:18     .text:00000000 L0
     /tmp/ccDaHF8o.s:23     .text:00000000 .Loc.1
     /tmp/ccDaHF8o.s:24     .text:00000000 .Loc.2
     /tmp/ccDaHF8o.s:29     .text:00000008 .Loc.3
     /tmp/ccDaHF8o.s:31     .text:0000000a .Loc.4
     /tmp/ccDaHF8o.s:33     .text:0000000e .Loc.5
     /tmp/ccDaHF8o.s:35     .text:00000012 .Loc.6
     /tmp/ccDaHF8o.s:38     .text:00000018 .Loc.7
     /tmp/ccDaHF8o.s:40     .text:00000018 .Loc.8
     /tmp/ccDaHF8o.s:41     .text:00000018 .Loc.9
     /tmp/ccDaHF8o.s:45     .text:00000020 .Loc.10
     /tmp/ccDaHF8o.s:46     .text:00000020 .Loc.11
     /tmp/ccDaHF8o.s:50     .text:00000028 .Loc.12
     /tmp/ccDaHF8o.s:52     .text:0000002a L0
     /tmp/ccDaHF8o.s:57     .text:0000002a adc_init
     /tmp/ccDaHF8o.s:59     .text:0000002a .Loc.13
     /tmp/ccDaHF8o.s:60     .text:0000002a L0
     /tmp/ccDaHF8o.s:65     .text:0000002a .Loc.14
     /tmp/ccDaHF8o.s:66     .text:0000002a .Loc.15
     /tmp/ccDaHF8o.s:69     .text:00000030 .Loc.16
     /tmp/ccDaHF8o.s:70     .text:00000030 .Loc.17
     /tmp/ccDaHF8o.s:75     .text:00000038 .Loc.18
     /tmp/ccDaHF8o.s:77     .text:0000003a .Loc.19
     /tmp/ccDaHF8o.s:80     .text:0000003e .Loc.20
     /tmp/ccDaHF8o.s:84     .text:00000044 .Loc.21
     /tmp/ccDaHF8o.s:86     .text:00000044 .Loc.22
     /tmp/ccDaHF8o.s:87     .text:00000044 .Loc.23
     /tmp/ccDaHF8o.s:89     .text:00000044 .Loc.24
     /tmp/ccDaHF8o.s:113    .progmem.data:00000000 __c.0
     /tmp/ccDaHF8o.s:100    .text:00000052 .Loc.25
     /tmp/ccDaHF8o.s:107    .text:0000005a L0
     /tmp/ccDaHF8o.s:120    .text:0000005a L0
                     .debug_frame:00000000 L0
     /tmp/ccDaHF8o.s:39     .text:00000018 .L2
     /tmp/ccDaHF8o.s:326    .debug_abbrev:00000000 .Ldebug_abbrev0
     /tmp/ccDaHF8o.s:8      .text:00000000 .Ltext0
     /tmp/ccDaHF8o.s:116    .text:0000005a .Letext0
     /tmp/ccDaHF8o.s:669    .debug_line:00000000 .Ldebug_line0
     /tmp/ccDaHF8o.s:15     .text:00000000 .LFB4
     /tmp/ccDaHF8o.s:53     .text:0000002a .LFE4
     /tmp/ccDaHF8o.s:640    .debug_loclists:00000010 .LLST0
     /tmp/ccDaHF8o.s:635    .debug_loclists:0000000c .LVUS0
     /tmp/ccDaHF8o.s:58     .text:0000002a .LFB3
     /tmp/ccDaHF8o.s:108    .text:0000005a .LFE3
     /tmp/ccDaHF8o.s:85     .text:00000044 .LBB2
     /tmp/ccDaHF8o.s:88     .text:00000044 .LBE2
     /tmp/ccDaHF8o.s:83     .text:00000044 .LVL2
     /tmp/ccDaHF8o.s:99     .text:00000052 .LVL3
     /tmp/ccDaHF8o.s:121    .debug_info:00000000 .Ldebug_info0

UNDEFINED SYMBOLS
log_boot_P
