   1               		.file	"logger.c"
   2               	__SP_H__ = 0x3e
   3               	__SP_L__ = 0x3d
   4               	__SREG__ = 0x3f
   5               	__tmp_reg__ = 0
   6               	__zero_reg__ = 1
   7               		.text
   8               	.Ltext0:
   9               		.cfi_sections	.debug_frame
  10               		.file 0 "/home/files/osdev/platform/avr" "logger/logger.c"
  11               	.global	log_boot_P
  13               	log_boot_P:
  14               	.LVL0:
  15               	.LFB4:
  16               		.file 1 "logger/logger.c"
   1:logger/logger.c **** /**
   2:logger/logger.c ****  * @file    logger.c
   3:logger/logger.c ****  * @author  Tim Gabrikowski, Anton Tchekov
   4:logger/logger.c ****  * @version 0.1
   5:logger/logger.c ****  * @date    16.05.2023
   6:logger/logger.c ****  */
   7:logger/logger.c **** 
   8:logger/logger.c **** #include <logger.h>
   9:logger/logger.c **** #include <serial.h>
  10:logger/logger.c **** #include <avr/pgmspace.h>
  11:logger/logger.c **** #include <avr/interrupt.h>
  12:logger/logger.c **** #include <stdarg.h>
  13:logger/logger.c **** #include <stdio.h>
  14:logger/logger.c **** #include <ctype.h>
  15:logger/logger.c **** 
  16:logger/logger.c **** #define MEMORY_DUMP_WIDTH 16
  17:logger/logger.c **** 
  18:logger/logger.c **** void log_boot_P(const char *msg, ...)
  19:logger/logger.c **** {
  17               		.loc 1 19 1 view -0
  18               		.cfi_startproc
  19               		.loc 1 19 1 is_stmt 0 view .LVU1
  20 0000 CF93      		push r28
  21               		.cfi_def_cfa_offset 3
  22               		.cfi_offset 28, -2
  23 0002 DF93      		push r29
  24               		.cfi_def_cfa_offset 4
  25               		.cfi_offset 29, -3
  26 0004 CDB7      		in r28,__SP_L__
  27 0006 DEB7      		in r29,__SP_H__
  28               		.cfi_def_cfa_register 28
  29 0008 C058      		subi r28,-128
  30 000a D109      		sbc r29,__zero_reg__
  31               		.cfi_def_cfa_offset 132
  32 000c 0FB6      		in __tmp_reg__,__SREG__
  33 000e F894      		cli
  34 0010 DEBF      		out __SP_H__,r29
  35 0012 0FBE      		out __SREG__,__tmp_reg__
  36 0014 CDBF      		out __SP_L__,r28
  37               	/* prologue: function */
  38               	/* frame size = 128 */
  39               	/* stack size = 130 */
  40               	.L__stack_usage = 130
  41 0016 9E01      		movw r18,r28
  42 0018 2B57      		subi r18,123
  43 001a 3F4F      		sbci r19,-1
  44               	.LVL1:
  45               		.loc 1 19 1 view .LVU2
  46 001c F901      		movw r30,r18
  47 001e 4191      		ld r20,Z+
  48 0020 5191      		ld r21,Z+
  49               	.LVL2:
  50               		.loc 1 19 1 view .LVU3
  51 0022 9F01      		movw r18,r30
  20:logger/logger.c **** 	char buf[128];
  52               		.loc 1 20 2 is_stmt 1 view .LVU4
  21:logger/logger.c **** 	va_list v;
  53               		.loc 1 21 2 view .LVU5
  22:logger/logger.c **** 
  23:logger/logger.c **** 	va_start(v, msg);
  54               		.loc 1 23 2 view .LVU6
  55               	.LVL3:
  24:logger/logger.c **** 	vsnprintf_P(buf, sizeof(buf), msg, v);
  56               		.loc 1 24 2 view .LVU7
  57 0024 60E8      		ldi r22,lo8(-128)
  58 0026 70E0      		ldi r23,0
  59 0028 CE01      		movw r24,r28
  60 002a 0196      		adiw r24,1
  61 002c 0E94 0000 		call vsnprintf_P
  62               	.LVL4:
  25:logger/logger.c **** 	va_end(v);
  63               		.loc 1 25 2 view .LVU8
  26:logger/logger.c **** 
  27:logger/logger.c **** 	serial_tx_str_P(PSTR("[INIT] "));
  64               		.loc 1 27 2 view .LVU9
  65               	.LBB2:
  66               		.loc 1 27 18 view .LVU10
  67               		.loc 1 27 18 view .LVU11
  68               	.LBE2:
  69               		.loc 1 27 2 is_stmt 0 view .LVU12
  70 0030 80E0      		ldi r24,lo8(__c.2)
  71 0032 90E0      		ldi r25,hi8(__c.2)
  72 0034 0E94 0000 		call serial_tx_str_P
  73               	.LVL5:
  28:logger/logger.c **** 	serial_tx_str(buf);
  74               		.loc 1 28 2 is_stmt 1 view .LVU13
  75 0038 CE01      		movw r24,r28
  76 003a 0196      		adiw r24,1
  77 003c 0E94 0000 		call serial_tx_str
  78               	.LVL6:
  29:logger/logger.c **** 	serial_tx('\n');
  79               		.loc 1 29 2 view .LVU14
  80 0040 8AE0      		ldi r24,lo8(10)
  81 0042 0E94 0000 		call serial_tx
  82               	.LVL7:
  83               	/* epilogue start */
  30:logger/logger.c **** }
  84               		.loc 1 30 1 is_stmt 0 view .LVU15
  85 0046 C058      		subi r28,-128
  86 0048 DF4F      		sbci r29,-1
  87 004a 0FB6      		in __tmp_reg__,__SREG__
  88 004c F894      		cli
  89 004e DEBF      		out __SP_H__,r29
  90 0050 0FBE      		out __SREG__,__tmp_reg__
  91 0052 CDBF      		out __SP_L__,r28
  92 0054 DF91      		pop r29
  93 0056 CF91      		pop r28
  94 0058 0895      		ret
  95               		.cfi_endproc
  96               	.LFE4:
  98               	.global	panic
 100               	panic:
 101               	.LVL8:
 102               	.LFB5:
  31:logger/logger.c **** 
  32:logger/logger.c **** void panic(const char *msg, ...)
  33:logger/logger.c **** {
 103               		.loc 1 33 1 is_stmt 1 view -0
 104               		.cfi_startproc
 105               		.loc 1 33 1 is_stmt 0 view .LVU17
 106 005a CF93      		push r28
 107               		.cfi_def_cfa_offset 3
 108               		.cfi_offset 28, -2
 109 005c DF93      		push r29
 110               		.cfi_def_cfa_offset 4
 111               		.cfi_offset 29, -3
 112 005e CDB7      		in r28,__SP_L__
 113 0060 DEB7      		in r29,__SP_H__
 114               		.cfi_def_cfa_register 28
 115 0062 C058      		subi r28,-128
 116 0064 D109      		sbc r29,__zero_reg__
 117               		.cfi_def_cfa_offset 132
 118 0066 0FB6      		in __tmp_reg__,__SREG__
 119 0068 F894      		cli
 120 006a DEBF      		out __SP_H__,r29
 121 006c 0FBE      		out __SREG__,__tmp_reg__
 122 006e CDBF      		out __SP_L__,r28
 123               	/* prologue: function */
 124               	/* frame size = 128 */
 125               	/* stack size = 130 */
 126               	.L__stack_usage = 130
 127 0070 9E01      		movw r18,r28
 128 0072 2B57      		subi r18,123
 129 0074 3F4F      		sbci r19,-1
 130               	.LVL9:
 131               		.loc 1 33 1 view .LVU18
 132 0076 F901      		movw r30,r18
 133 0078 4191      		ld r20,Z+
 134 007a 5191      		ld r21,Z+
 135               	.LVL10:
 136               		.loc 1 33 1 view .LVU19
 137 007c 9F01      		movw r18,r30
  34:logger/logger.c **** 	char buf[128];
 138               		.loc 1 34 2 is_stmt 1 view .LVU20
  35:logger/logger.c **** 	va_list v;
 139               		.loc 1 35 2 view .LVU21
  36:logger/logger.c **** 
  37:logger/logger.c **** 	va_start(v, msg);
 140               		.loc 1 37 2 view .LVU22
 141               	.LVL11:
  38:logger/logger.c **** 	vsnprintf_P(buf, sizeof(buf), msg, v);
 142               		.loc 1 38 2 view .LVU23
 143 007e 60E8      		ldi r22,lo8(-128)
 144 0080 70E0      		ldi r23,0
 145 0082 CE01      		movw r24,r28
 146 0084 0196      		adiw r24,1
 147 0086 0E94 0000 		call vsnprintf_P
 148               	.LVL12:
  39:logger/logger.c **** 	va_end(v);
 149               		.loc 1 39 2 view .LVU24
  40:logger/logger.c **** 
  41:logger/logger.c **** 	serial_tx_str_P(PSTR("[PANIC] "));
 150               		.loc 1 41 2 view .LVU25
 151               	.LBB3:
 152               		.loc 1 41 18 view .LVU26
 153               		.loc 1 41 18 view .LVU27
 154               	.LBE3:
 155               		.loc 1 41 2 is_stmt 0 view .LVU28
 156 008a 80E0      		ldi r24,lo8(__c.1)
 157 008c 90E0      		ldi r25,hi8(__c.1)
 158 008e 0E94 0000 		call serial_tx_str_P
 159               	.LVL13:
  42:logger/logger.c **** 	serial_tx_str(buf);
 160               		.loc 1 42 2 is_stmt 1 view .LVU29
 161 0092 CE01      		movw r24,r28
 162 0094 0196      		adiw r24,1
 163 0096 0E94 0000 		call serial_tx_str
 164               	.LVL14:
  43:logger/logger.c **** 	serial_tx_str_P(PSTR("\n>>> RESET REQUIRED\n"));
 165               		.loc 1 43 2 view .LVU30
 166               	.LBB4:
 167               		.loc 1 43 18 view .LVU31
 168               		.loc 1 43 18 view .LVU32
 169               	.LBE4:
 170               		.loc 1 43 2 is_stmt 0 view .LVU33
 171 009a 80E0      		ldi r24,lo8(__c.0)
 172 009c 90E0      		ldi r25,hi8(__c.0)
 173 009e 0E94 0000 		call serial_tx_str_P
 174               	.LVL15:
  44:logger/logger.c **** 
  45:logger/logger.c **** 	cli();
 175               		.loc 1 45 2 is_stmt 1 view .LVU34
 176               	/* #APP */
 177               	 ;  45 "logger/logger.c" 1
 178 00a2 F894      		cli
 179               	 ;  0 "" 2
 180               	/* #NOAPP */
 181               	.L3:
  46:logger/logger.c **** 
  47:logger/logger.c **** 	/* Infinite loop */
  48:logger/logger.c **** 	for(;;)
 182               		.loc 1 48 2 discriminator 1 view .LVU35
  49:logger/logger.c **** 	{
  50:logger/logger.c **** 	}
 183               		.loc 1 50 2 discriminator 1 view .LVU36
  48:logger/logger.c **** 	{
 184               		.loc 1 48 2 discriminator 1 view .LVU37
 185 00a4 00C0      		rjmp .L3
 186               		.cfi_endproc
 187               	.LFE5:
 189               		.section	.rodata.str1.1,"aMS",@progbits,1
 190               	.LC0:
 191 0000 2530 3858 		.string	"%08X | "
 191      207C 2000 
 192               	.LC1:
 193 0008 2530 3258 		.string	"%02X "
 193      2000 
 194               	.LC2:
 195 000e 7C20 00   		.string	"| "
 196               		.text
 197               	.global	memory_dump
 199               	memory_dump:
 200               	.LVL16:
 201               	.LFB6:
  51:logger/logger.c **** }
  52:logger/logger.c **** 
  53:logger/logger.c **** void memory_dump(u32 addr, const void *data, u16 len)
  54:logger/logger.c **** {
 202               		.loc 1 54 1 view -0
 203               		.cfi_startproc
 204               		.loc 1 54 1 is_stmt 0 view .LVU39
 205 00a6 2F92      		push r2
 206               		.cfi_def_cfa_offset 3
 207               		.cfi_offset 2, -2
 208 00a8 3F92      		push r3
 209               		.cfi_def_cfa_offset 4
 210               		.cfi_offset 3, -3
 211 00aa 4F92      		push r4
 212               		.cfi_def_cfa_offset 5
 213               		.cfi_offset 4, -4
 214 00ac 5F92      		push r5
 215               		.cfi_def_cfa_offset 6
 216               		.cfi_offset 5, -5
 217 00ae 6F92      		push r6
 218               		.cfi_def_cfa_offset 7
 219               		.cfi_offset 6, -6
 220 00b0 7F92      		push r7
 221               		.cfi_def_cfa_offset 8
 222               		.cfi_offset 7, -7
 223 00b2 8F92      		push r8
 224               		.cfi_def_cfa_offset 9
 225               		.cfi_offset 8, -8
 226 00b4 9F92      		push r9
 227               		.cfi_def_cfa_offset 10
 228               		.cfi_offset 9, -9
 229 00b6 AF92      		push r10
 230               		.cfi_def_cfa_offset 11
 231               		.cfi_offset 10, -10
 232 00b8 BF92      		push r11
 233               		.cfi_def_cfa_offset 12
 234               		.cfi_offset 11, -11
 235 00ba CF92      		push r12
 236               		.cfi_def_cfa_offset 13
 237               		.cfi_offset 12, -12
 238 00bc DF92      		push r13
 239               		.cfi_def_cfa_offset 14
 240               		.cfi_offset 13, -13
 241 00be EF92      		push r14
 242               		.cfi_def_cfa_offset 15
 243               		.cfi_offset 14, -14
 244 00c0 FF92      		push r15
 245               		.cfi_def_cfa_offset 16
 246               		.cfi_offset 15, -15
 247 00c2 0F93      		push r16
 248               		.cfi_def_cfa_offset 17
 249               		.cfi_offset 16, -16
 250 00c4 1F93      		push r17
 251               		.cfi_def_cfa_offset 18
 252               		.cfi_offset 17, -17
 253 00c6 CF93      		push r28
 254               		.cfi_def_cfa_offset 19
 255               		.cfi_offset 28, -18
 256 00c8 DF93      		push r29
 257               		.cfi_def_cfa_offset 20
 258               		.cfi_offset 29, -19
 259 00ca CDB7      		in r28,__SP_L__
 260 00cc DEB7      		in r29,__SP_H__
 261               		.cfi_def_cfa_register 28
 262 00ce A097      		sbiw r28,32
 263               		.cfi_def_cfa_offset 52
 264 00d0 0FB6      		in __tmp_reg__,__SREG__
 265 00d2 F894      		cli
 266 00d4 DEBF      		out __SP_H__,r29
 267 00d6 0FBE      		out __SREG__,__tmp_reg__
 268 00d8 CDBF      		out __SP_L__,r28
 269               	/* prologue: function */
 270               	/* frame size = 32 */
 271               	/* stack size = 50 */
 272               	.L__stack_usage = 50
 273 00da 2B01      		movw r4,r22
 274 00dc 3C01      		movw r6,r24
 275 00de 6901      		movw r12,r18
  55:logger/logger.c **** 	u8 j;
 276               		.loc 1 55 2 is_stmt 1 view .LVU40
  56:logger/logger.c **** 	const u8 *data8;
 277               		.loc 1 56 2 view .LVU41
  57:logger/logger.c **** 	u16 i;
 278               		.loc 1 57 2 view .LVU42
  58:logger/logger.c **** 	char c, buf[32];
 279               		.loc 1 58 2 view .LVU43
  59:logger/logger.c **** 
  60:logger/logger.c **** 	data8 = data;
 280               		.loc 1 60 2 view .LVU44
 281               	.LVL17:
  61:logger/logger.c **** 	for(i = 0; i < len; i += MEMORY_DUMP_WIDTH, addr += MEMORY_DUMP_WIDTH)
 282               		.loc 1 61 2 view .LVU45
 283               		.loc 1 61 2 is_stmt 0 view .LVU46
 284 00e0 8A01      		movw r16,r20
 285               		.loc 1 61 8 view .LVU47
 286 00e2 E12C      		mov r14,__zero_reg__
 287 00e4 F12C      		mov r15,__zero_reg__
  62:logger/logger.c **** 	{
  63:logger/logger.c **** 		snprintf(buf, sizeof(buf), "%08X | ", addr);
  64:logger/logger.c **** 		serial_tx_str(buf);
  65:logger/logger.c **** 		for(j = 0; j < MEMORY_DUMP_WIDTH; ++j)
  66:logger/logger.c **** 		{
  67:logger/logger.c **** 			snprintf(buf, sizeof(buf), "%02X ", data8[i + j]);
 288               		.loc 1 67 4 view .LVU48
 289 00e6 90E0      		ldi r25,lo8(.LC1)
 290 00e8 A92E      		mov r10,r25
 291 00ea 90E0      		ldi r25,hi8(.LC1)
 292 00ec B92E      		mov r11,r25
 293               	.LVL18:
 294               	.L5:
  61:logger/logger.c **** 	for(i = 0; i < len; i += MEMORY_DUMP_WIDTH, addr += MEMORY_DUMP_WIDTH)
 295               		.loc 1 61 15 is_stmt 1 discriminator 1 view .LVU49
 296 00ee EC14      		cp r14,r12
 297 00f0 FD04      		cpc r15,r13
 298 00f2 00F0      		brlo .L9
  68:logger/logger.c **** 			serial_tx_str(buf);
  69:logger/logger.c **** 		}
  70:logger/logger.c **** 
  71:logger/logger.c **** 		serial_tx_str("| ");
  72:logger/logger.c **** 		for(j = 0; j < MEMORY_DUMP_WIDTH; ++j)
  73:logger/logger.c **** 		{
  74:logger/logger.c **** 			c = data8[i + j];
  75:logger/logger.c **** 			serial_tx(isprint(c) ? c : '.');
  76:logger/logger.c **** 		}
  77:logger/logger.c **** 
  78:logger/logger.c **** 		serial_tx('\n');
  79:logger/logger.c **** 	}
  80:logger/logger.c **** 
  81:logger/logger.c **** 	serial_tx('\n');
 299               		.loc 1 81 2 view .LVU50
 300 00f4 8AE0      		ldi r24,lo8(10)
 301 00f6 0E94 0000 		call serial_tx
 302               	.LVL19:
 303               	/* epilogue start */
  82:logger/logger.c **** }
 304               		.loc 1 82 1 is_stmt 0 view .LVU51
 305 00fa A096      		adiw r28,32
 306 00fc 0FB6      		in __tmp_reg__,__SREG__
 307 00fe F894      		cli
 308 0100 DEBF      		out __SP_H__,r29
 309 0102 0FBE      		out __SREG__,__tmp_reg__
 310 0104 CDBF      		out __SP_L__,r28
 311 0106 DF91      		pop r29
 312 0108 CF91      		pop r28
 313 010a 1F91      		pop r17
 314 010c 0F91      		pop r16
 315 010e FF90      		pop r15
 316 0110 EF90      		pop r14
 317               	.LVL20:
 318               		.loc 1 82 1 view .LVU52
 319 0112 DF90      		pop r13
 320 0114 CF90      		pop r12
 321               	.LVL21:
 322               		.loc 1 82 1 view .LVU53
 323 0116 BF90      		pop r11
 324 0118 AF90      		pop r10
 325 011a 9F90      		pop r9
 326 011c 8F90      		pop r8
 327 011e 7F90      		pop r7
 328 0120 6F90      		pop r6
 329 0122 5F90      		pop r5
 330 0124 4F90      		pop r4
 331               	.LVL22:
 332               		.loc 1 82 1 view .LVU54
 333 0126 3F90      		pop r3
 334 0128 2F90      		pop r2
 335 012a 0895      		ret
 336               	.LVL23:
 337               	.L9:
  63:logger/logger.c **** 		serial_tx_str(buf);
 338               		.loc 1 63 3 is_stmt 1 view .LVU55
 339 012c 7F92      		push r7
 340 012e 6F92      		push r6
 341 0130 5F92      		push r5
 342 0132 4F92      		push r4
 343 0134 80E0      		ldi r24,lo8(.LC0)
 344 0136 90E0      		ldi r25,hi8(.LC0)
 345 0138 9F93      		push r25
 346 013a 8F93      		push r24
 347 013c 1F92      		push __zero_reg__
 348 013e F0E2      		ldi r31,lo8(32)
 349 0140 FF93      		push r31
 350 0142 81E0      		ldi r24,lo8(1)
 351 0144 90E0      		ldi r25,0
 352 0146 8C0F      		add r24,r28
 353 0148 9D1F      		adc r25,r29
 354 014a 9F93      		push r25
 355 014c 8F93      		push r24
 356 014e 0E94 0000 		call snprintf
 357               	.LVL24:
  64:logger/logger.c **** 		for(j = 0; j < MEMORY_DUMP_WIDTH; ++j)
 358               		.loc 1 64 3 view .LVU56
 359 0152 CE01      		movw r24,r28
 360 0154 0196      		adiw r24,1
 361 0156 0E94 0000 		call serial_tx_str
 362               	.LVL25:
  65:logger/logger.c **** 		{
 363               		.loc 1 65 3 view .LVU57
  65:logger/logger.c **** 		{
 364               		.loc 1 65 16 view .LVU58
  64:logger/logger.c **** 		for(j = 0; j < MEMORY_DUMP_WIDTH; ++j)
 365               		.loc 1 64 3 is_stmt 0 view .LVU59
 366 015a 0FB6      		in __tmp_reg__,__SREG__
 367 015c F894      		cli
 368 015e DEBF      		out __SP_H__,r29
 369 0160 0FBE      		out __SREG__,__tmp_reg__
 370 0162 CDBF      		out __SP_L__,r28
 371 0164 4801      		movw r8,r16
  65:logger/logger.c **** 		{
 372               		.loc 1 65 9 view .LVU60
 373 0166 312C      		mov r3,__zero_reg__
 374               	.LVL26:
 375               	.L6:
  67:logger/logger.c **** 			serial_tx_str(buf);
 376               		.loc 1 67 4 is_stmt 1 discriminator 3 view .LVU61
  67:logger/logger.c **** 			serial_tx_str(buf);
 377               		.loc 1 67 45 is_stmt 0 discriminator 3 view .LVU62
 378 0168 F401      		movw r30,r8
 379 016a 8191      		ld r24,Z+
 380 016c 4F01      		movw r8,r30
  67:logger/logger.c **** 			serial_tx_str(buf);
 381               		.loc 1 67 4 discriminator 3 view .LVU63
 382 016e 1F92      		push __zero_reg__
 383 0170 8F93      		push r24
 384 0172 BF92      		push r11
 385 0174 AF92      		push r10
 386 0176 1F92      		push __zero_reg__
 387 0178 F0E2      		ldi r31,lo8(32)
 388 017a FF93      		push r31
 389 017c 81E0      		ldi r24,lo8(1)
 390 017e 90E0      		ldi r25,0
 391 0180 8C0F      		add r24,r28
 392 0182 9D1F      		adc r25,r29
 393 0184 9F93      		push r25
 394 0186 8F93      		push r24
 395 0188 0E94 0000 		call snprintf
 396               	.LVL27:
  68:logger/logger.c **** 		}
 397               		.loc 1 68 4 is_stmt 1 discriminator 3 view .LVU64
 398 018c CE01      		movw r24,r28
 399 018e 0196      		adiw r24,1
 400 0190 0E94 0000 		call serial_tx_str
 401               	.LVL28:
  65:logger/logger.c **** 		{
 402               		.loc 1 65 37 discriminator 3 view .LVU65
 403 0194 3394      		inc r3
 404               	.LVL29:
  65:logger/logger.c **** 		{
 405               		.loc 1 65 16 discriminator 3 view .LVU66
 406 0196 0FB6      		in __tmp_reg__,__SREG__
 407 0198 F894      		cli
 408 019a DEBF      		out __SP_H__,r29
 409 019c 0FBE      		out __SREG__,__tmp_reg__
 410 019e CDBF      		out __SP_L__,r28
 411 01a0 F0E1      		ldi r31,lo8(16)
 412 01a2 3F12      		cpse r3,r31
 413 01a4 00C0      		rjmp .L6
  71:logger/logger.c **** 		for(j = 0; j < MEMORY_DUMP_WIDTH; ++j)
 414               		.loc 1 71 3 view .LVU67
 415 01a6 80E0      		ldi r24,lo8(.LC2)
 416 01a8 90E0      		ldi r25,hi8(.LC2)
 417 01aa 0E94 0000 		call serial_tx_str
 418               	.LVL30:
  72:logger/logger.c **** 		{
 419               		.loc 1 72 3 view .LVU68
  72:logger/logger.c **** 		{
 420               		.loc 1 72 16 view .LVU69
  71:logger/logger.c **** 		for(j = 0; j < MEMORY_DUMP_WIDTH; ++j)
 421               		.loc 1 71 3 is_stmt 0 view .LVU70
 422 01ae 4801      		movw r8,r16
  72:logger/logger.c **** 		{
 423               		.loc 1 72 9 view .LVU71
 424 01b0 312C      		mov r3,__zero_reg__
 425               	.LVL31:
 426               	.L8:
  74:logger/logger.c **** 			serial_tx(isprint(c) ? c : '.');
 427               		.loc 1 74 4 is_stmt 1 view .LVU72
  74:logger/logger.c **** 			serial_tx(isprint(c) ? c : '.');
 428               		.loc 1 74 6 is_stmt 0 view .LVU73
 429 01b2 F401      		movw r30,r8
 430 01b4 2190      		ld r2,Z+
 431 01b6 4F01      		movw r8,r30
 432               	.LVL32:
  75:logger/logger.c **** 		}
 433               		.loc 1 75 4 is_stmt 1 view .LVU74
  75:logger/logger.c **** 		}
 434               		.loc 1 75 14 is_stmt 0 view .LVU75
 435 01b8 822D      		mov r24,r2
 436 01ba 90E0      		ldi r25,0
 437 01bc 0E94 0000 		call isprint
 438               	.LVL33:
  75:logger/logger.c **** 		}
 439               		.loc 1 75 4 view .LVU76
 440 01c0 892B      		or r24,r25
 441 01c2 01F4      		brne .L7
 442 01c4 8EE2      		ldi r24,lo8(46)
 443 01c6 282E      		mov r2,r24
 444               	.LVL34:
 445               	.L7:
  75:logger/logger.c **** 		}
 446               		.loc 1 75 4 discriminator 4 view .LVU77
 447 01c8 822D      		mov r24,r2
 448 01ca 0E94 0000 		call serial_tx
 449               	.LVL35:
  72:logger/logger.c **** 		{
 450               		.loc 1 72 37 is_stmt 1 discriminator 4 view .LVU78
 451 01ce 3394      		inc r3
 452               	.LVL36:
  72:logger/logger.c **** 		{
 453               		.loc 1 72 16 discriminator 4 view .LVU79
 454 01d0 F0E1      		ldi r31,lo8(16)
 455 01d2 3F12      		cpse r3,r31
 456 01d4 00C0      		rjmp .L8
  78:logger/logger.c **** 	}
 457               		.loc 1 78 3 discriminator 2 view .LVU80
 458 01d6 8AE0      		ldi r24,lo8(10)
 459 01d8 0E94 0000 		call serial_tx
 460               	.LVL37:
  61:logger/logger.c **** 	{
 461               		.loc 1 61 44 discriminator 2 view .LVU81
  61:logger/logger.c **** 	{
 462               		.loc 1 61 24 is_stmt 0 discriminator 2 view .LVU82
 463 01dc 20E1      		ldi r18,16
 464 01de E20E      		add r14,r18
 465 01e0 F11C      		adc r15,__zero_reg__
 466               	.LVL38:
  61:logger/logger.c **** 	{
 467               		.loc 1 61 51 discriminator 2 view .LVU83
 468 01e2 80E1      		ldi r24,16
 469 01e4 480E      		add r4,r24
 470 01e6 511C      		adc r5,__zero_reg__
 471 01e8 611C      		adc r6,__zero_reg__
 472 01ea 711C      		adc r7,__zero_reg__
 473               	.LVL39:
  61:logger/logger.c **** 	{
 474               		.loc 1 61 51 discriminator 2 view .LVU84
 475 01ec 005F      		subi r16,-16
 476 01ee 1F4F      		sbci r17,-1
 477 01f0 00C0      		rjmp .L5
 478               		.cfi_endproc
 479               	.LFE6:
 481               		.section	.progmem.data,"a",@progbits
 484               	__c.0:
 485 0000 0A3E 3E3E 		.string	"\n>>> RESET REQUIRED\n"
 485      2052 4553 
 485      4554 2052 
 485      4551 5549 
 485      5245 440A 
 488               	__c.1:
 489 0015 5B50 414E 		.string	"[PANIC] "
 489      4943 5D20 
 489      00
 492               	__c.2:
 493 001e 5B49 4E49 		.string	"[INIT] "
 493      545D 2000 
 494               		.text
 495               	.Letext0:
 496               		.file 2 "/usr/lib/gcc/avr/12.2.0/include/stddef.h"
 497               		.file 3 "/usr/lib/gcc/avr/12.2.0/include/stdint-gcc.h"
 498               		.file 4 "../../types/types.h"
 499               		.file 5 "/usr/lib/gcc/avr/12.2.0/include/stdarg.h"
 500               		.file 6 "/usr/avr/include/ctype.h"
 501               		.file 7 "/usr/avr/include/stdio.h"
 502               		.file 8 "serial/serial.h"
DEFINED SYMBOLS
                            *ABS*:00000000 logger.c
     /tmp/ccXxJcaj.s:2      *ABS*:0000003e __SP_H__
     /tmp/ccXxJcaj.s:3      *ABS*:0000003d __SP_L__
     /tmp/ccXxJcaj.s:4      *ABS*:0000003f __SREG__
     /tmp/ccXxJcaj.s:5      *ABS*:00000000 __tmp_reg__
     /tmp/ccXxJcaj.s:6      *ABS*:00000001 __zero_reg__
     /tmp/ccXxJcaj.s:13     .text:00000000 log_boot_P
     /tmp/ccXxJcaj.s:17     .text:00000000 .Loc.0
     /tmp/ccXxJcaj.s:18     .text:00000000 L0
     /tmp/ccXxJcaj.s:19     .text:00000000 .Loc.1
     /tmp/ccXxJcaj.s:45     .text:0000001c .Loc.2
     /tmp/ccXxJcaj.s:50     .text:00000022 .Loc.3
     /tmp/ccXxJcaj.s:52     .text:00000024 .Loc.4
     /tmp/ccXxJcaj.s:53     .text:00000024 .Loc.5
     /tmp/ccXxJcaj.s:54     .text:00000024 .Loc.6
     /tmp/ccXxJcaj.s:56     .text:00000024 .Loc.7
     /tmp/ccXxJcaj.s:63     .text:00000030 .Loc.8
     /tmp/ccXxJcaj.s:64     .text:00000030 .Loc.9
     /tmp/ccXxJcaj.s:66     .text:00000030 .Loc.10
     /tmp/ccXxJcaj.s:67     .text:00000030 .Loc.11
     /tmp/ccXxJcaj.s:69     .text:00000030 .Loc.12
     /tmp/ccXxJcaj.s:492    .progmem.data:0000001e __c.2
     /tmp/ccXxJcaj.s:74     .text:00000038 .Loc.13
     /tmp/ccXxJcaj.s:79     .text:00000040 .Loc.14
     /tmp/ccXxJcaj.s:84     .text:00000046 .Loc.15
     /tmp/ccXxJcaj.s:95     .text:0000005a L0
     /tmp/ccXxJcaj.s:100    .text:0000005a panic
     /tmp/ccXxJcaj.s:103    .text:0000005a .Loc.16
     /tmp/ccXxJcaj.s:104    .text:0000005a L0
     /tmp/ccXxJcaj.s:105    .text:0000005a .Loc.17
     /tmp/ccXxJcaj.s:131    .text:00000076 .Loc.18
     /tmp/ccXxJcaj.s:136    .text:0000007c .Loc.19
     /tmp/ccXxJcaj.s:138    .text:0000007e .Loc.20
     /tmp/ccXxJcaj.s:139    .text:0000007e .Loc.21
     /tmp/ccXxJcaj.s:140    .text:0000007e .Loc.22
     /tmp/ccXxJcaj.s:142    .text:0000007e .Loc.23
     /tmp/ccXxJcaj.s:149    .text:0000008a .Loc.24
     /tmp/ccXxJcaj.s:150    .text:0000008a .Loc.25
     /tmp/ccXxJcaj.s:152    .text:0000008a .Loc.26
     /tmp/ccXxJcaj.s:153    .text:0000008a .Loc.27
     /tmp/ccXxJcaj.s:155    .text:0000008a .Loc.28
     /tmp/ccXxJcaj.s:488    .progmem.data:00000015 __c.1
     /tmp/ccXxJcaj.s:160    .text:00000092 .Loc.29
     /tmp/ccXxJcaj.s:165    .text:0000009a .Loc.30
     /tmp/ccXxJcaj.s:167    .text:0000009a .Loc.31
     /tmp/ccXxJcaj.s:168    .text:0000009a .Loc.32
     /tmp/ccXxJcaj.s:170    .text:0000009a .Loc.33
     /tmp/ccXxJcaj.s:484    .progmem.data:00000000 __c.0
     /tmp/ccXxJcaj.s:175    .text:000000a2 .Loc.34
     /tmp/ccXxJcaj.s:182    .text:000000a4 .Loc.35
     /tmp/ccXxJcaj.s:183    .text:000000a4 .Loc.36
     /tmp/ccXxJcaj.s:184    .text:000000a4 .Loc.37
     /tmp/ccXxJcaj.s:186    .text:000000a6 L0
     /tmp/ccXxJcaj.s:199    .text:000000a6 memory_dump
     /tmp/ccXxJcaj.s:202    .text:000000a6 .Loc.38
     /tmp/ccXxJcaj.s:203    .text:000000a6 L0
     /tmp/ccXxJcaj.s:204    .text:000000a6 .Loc.39
     /tmp/ccXxJcaj.s:276    .text:000000e0 .Loc.40
     /tmp/ccXxJcaj.s:277    .text:000000e0 .Loc.41
     /tmp/ccXxJcaj.s:278    .text:000000e0 .Loc.42
     /tmp/ccXxJcaj.s:279    .text:000000e0 .Loc.43
     /tmp/ccXxJcaj.s:280    .text:000000e0 .Loc.44
     /tmp/ccXxJcaj.s:282    .text:000000e0 .Loc.45
     /tmp/ccXxJcaj.s:283    .text:000000e0 .Loc.46
     /tmp/ccXxJcaj.s:285    .text:000000e2 .Loc.47
     /tmp/ccXxJcaj.s:288    .text:000000e6 .Loc.48
     /tmp/ccXxJcaj.s:295    .text:000000ee .Loc.49
     /tmp/ccXxJcaj.s:299    .text:000000f4 .Loc.50
     /tmp/ccXxJcaj.s:304    .text:000000fa .Loc.51
     /tmp/ccXxJcaj.s:318    .text:00000112 .Loc.52
     /tmp/ccXxJcaj.s:322    .text:00000116 .Loc.53
     /tmp/ccXxJcaj.s:332    .text:00000126 .Loc.54
     /tmp/ccXxJcaj.s:338    .text:0000012c .Loc.55
     /tmp/ccXxJcaj.s:358    .text:00000152 .Loc.56
     /tmp/ccXxJcaj.s:363    .text:0000015a .Loc.57
     /tmp/ccXxJcaj.s:364    .text:0000015a .Loc.58
     /tmp/ccXxJcaj.s:365    .text:0000015a .Loc.59
     /tmp/ccXxJcaj.s:372    .text:00000166 .Loc.60
     /tmp/ccXxJcaj.s:376    .text:00000168 .Loc.61
     /tmp/ccXxJcaj.s:377    .text:00000168 .Loc.62
     /tmp/ccXxJcaj.s:381    .text:0000016e .Loc.63
     /tmp/ccXxJcaj.s:397    .text:0000018c .Loc.64
     /tmp/ccXxJcaj.s:402    .text:00000194 .Loc.65
     /tmp/ccXxJcaj.s:405    .text:00000196 .Loc.66
     /tmp/ccXxJcaj.s:414    .text:000001a6 .Loc.67
     /tmp/ccXxJcaj.s:419    .text:000001ae .Loc.68
     /tmp/ccXxJcaj.s:420    .text:000001ae .Loc.69
     /tmp/ccXxJcaj.s:421    .text:000001ae .Loc.70
     /tmp/ccXxJcaj.s:423    .text:000001b0 .Loc.71
     /tmp/ccXxJcaj.s:427    .text:000001b2 .Loc.72
     /tmp/ccXxJcaj.s:428    .text:000001b2 .Loc.73
     /tmp/ccXxJcaj.s:433    .text:000001b8 .Loc.74
     /tmp/ccXxJcaj.s:434    .text:000001b8 .Loc.75
     /tmp/ccXxJcaj.s:439    .text:000001c0 .Loc.76
     /tmp/ccXxJcaj.s:446    .text:000001c8 .Loc.77
     /tmp/ccXxJcaj.s:450    .text:000001ce .Loc.78
     /tmp/ccXxJcaj.s:453    .text:000001d0 .Loc.79
     /tmp/ccXxJcaj.s:457    .text:000001d6 .Loc.80
     /tmp/ccXxJcaj.s:461    .text:000001dc .Loc.81
     /tmp/ccXxJcaj.s:462    .text:000001dc .Loc.82
     /tmp/ccXxJcaj.s:467    .text:000001e2 .Loc.83
     /tmp/ccXxJcaj.s:474    .text:000001ec .Loc.84
     /tmp/ccXxJcaj.s:478    .text:000001f2 L0
     /tmp/ccXxJcaj.s:503    .text:000001f2 L0
                     .debug_frame:00000000 L0
     /tmp/ccXxJcaj.s:181    .text:000000a4 .L3
     /tmp/ccXxJcaj.s:337    .text:0000012c .L9
     /tmp/ccXxJcaj.s:375    .text:00000168 .L6
     /tmp/ccXxJcaj.s:445    .text:000001c8 .L7
     /tmp/ccXxJcaj.s:426    .text:000001b2 .L8
     /tmp/ccXxJcaj.s:294    .text:000000ee .L5
     /tmp/ccXxJcaj.s:1105   .debug_abbrev:00000000 .Ldebug_abbrev0
     /tmp/ccXxJcaj.s:8      .text:00000000 .Ltext0
     /tmp/ccXxJcaj.s:495    .text:000001f2 .Letext0
     /tmp/ccXxJcaj.s:1801   .debug_line:00000000 .Ldebug_line0
     /tmp/ccXxJcaj.s:201    .text:000000a6 .LFB6
     /tmp/ccXxJcaj.s:479    .text:000001f2 .LFE6
     /tmp/ccXxJcaj.s:1502   .debug_loclists:00000012 .LLST4
     /tmp/ccXxJcaj.s:1495   .debug_loclists:0000000c .LVUS4
     /tmp/ccXxJcaj.s:1557   .debug_loclists:0000004d .LLST5
     /tmp/ccXxJcaj.s:1552   .debug_loclists:00000049 .LVUS5
     /tmp/ccXxJcaj.s:1586   .debug_loclists:0000006c .LLST6
     /tmp/ccXxJcaj.s:1577   .debug_loclists:00000064 .LVUS6
     /tmp/ccXxJcaj.s:1635   .debug_loclists:000000a3 .LLST7
     /tmp/ccXxJcaj.s:1626   .debug_loclists:0000009b .LVUS7
     /tmp/ccXxJcaj.s:1662   .debug_loclists:000000c4 .LLST8
     /tmp/ccXxJcaj.s:1659   .debug_loclists:000000c2 .LVUS8
     /tmp/ccXxJcaj.s:1681   .debug_loclists:000000d7 .LLST9
     /tmp/ccXxJcaj.s:1674   .debug_loclists:000000d1 .LVUS9
     /tmp/ccXxJcaj.s:1712   .debug_loclists:000000fa .LLST10
     /tmp/ccXxJcaj.s:1709   .debug_loclists:000000f8 .LVUS10
     /tmp/ccXxJcaj.s:302    .text:000000fa .LVL19
     /tmp/ccXxJcaj.s:357    .text:00000152 .LVL24
     /tmp/ccXxJcaj.s:362    .text:0000015a .LVL25
     /tmp/ccXxJcaj.s:396    .text:0000018c .LVL27
     /tmp/ccXxJcaj.s:401    .text:00000194 .LVL28
     /tmp/ccXxJcaj.s:418    .text:000001ae .LVL30
     /tmp/ccXxJcaj.s:438    .text:000001c0 .LVL33
     /tmp/ccXxJcaj.s:449    .text:000001ce .LVL35
     /tmp/ccXxJcaj.s:460    .text:000001dc .LVL37
     /tmp/ccXxJcaj.s:102    .text:0000005a .LFB5
     /tmp/ccXxJcaj.s:187    .text:000000a6 .LFE5
     /tmp/ccXxJcaj.s:1724   .debug_loclists:00000106 .LLST2
     /tmp/ccXxJcaj.s:1719   .debug_loclists:00000102 .LVUS2
     /tmp/ccXxJcaj.s:1741   .debug_loclists:00000116 .LLST3
     /tmp/ccXxJcaj.s:1738   .debug_loclists:00000114 .LVUS3
     /tmp/ccXxJcaj.s:151    .text:0000008a .LBB3
     /tmp/ccXxJcaj.s:154    .text:0000008a .LBE3
     /tmp/ccXxJcaj.s:166    .text:0000009a .LBB4
     /tmp/ccXxJcaj.s:169    .text:0000009a .LBE4
     /tmp/ccXxJcaj.s:148    .text:0000008a .LVL12
     /tmp/ccXxJcaj.s:159    .text:00000092 .LVL13
     /tmp/ccXxJcaj.s:164    .text:0000009a .LVL14
     /tmp/ccXxJcaj.s:174    .text:000000a2 .LVL15
     /tmp/ccXxJcaj.s:15     .text:00000000 .LFB4
     /tmp/ccXxJcaj.s:96     .text:0000005a .LFE4
     /tmp/ccXxJcaj.s:1758   .debug_loclists:00000126 .LLST0
     /tmp/ccXxJcaj.s:1753   .debug_loclists:00000122 .LVUS0
     /tmp/ccXxJcaj.s:1775   .debug_loclists:00000135 .LLST1
     /tmp/ccXxJcaj.s:1772   .debug_loclists:00000133 .LVUS1
     /tmp/ccXxJcaj.s:65     .text:00000030 .LBB2
     /tmp/ccXxJcaj.s:68     .text:00000030 .LBE2
     /tmp/ccXxJcaj.s:62     .text:00000030 .LVL4
     /tmp/ccXxJcaj.s:73     .text:00000038 .LVL5
     /tmp/ccXxJcaj.s:78     .text:00000040 .LVL6
     /tmp/ccXxJcaj.s:82     .text:00000046 .LVL7
     /tmp/ccXxJcaj.s:504    .debug_info:00000000 .Ldebug_info0

UNDEFINED SYMBOLS
vsnprintf_P
serial_tx_str_P
serial_tx_str
serial_tx
snprintf
isprint
__do_copy_data
